Archive member included because of file (symbol)

/opt/altera/13.0sp1/nios2eds/bin/gnu/H-i686-pc-linux-gnu/bin/../lib/gcc/nios2-elf/4.1.2/mno-hw-mul/libgcc.a(_si_to_sf.o)
                              obj/default/main.o (__floatsisf)
/opt/altera/13.0sp1/nios2eds/bin/gnu/H-i686-pc-linux-gnu/bin/../lib/gcc/nios2-elf/4.1.2/mno-hw-mul/libgcc.a(_sf_to_df.o)
                              obj/default/main.o (__extendsfdf2)
/opt/altera/13.0sp1/nios2eds/bin/gnu/H-i686-pc-linux-gnu/bin/../lib/gcc/nios2-elf/4.1.2/mno-hw-mul/libgcc.a(_addsub_df.o)
                              obj/default/main.o (__adddf3)
/opt/altera/13.0sp1/nios2eds/bin/gnu/H-i686-pc-linux-gnu/bin/../lib/gcc/nios2-elf/4.1.2/mno-hw-mul/libgcc.a(_div_df.o)
                              obj/default/main.o (__divdf3)
/opt/altera/13.0sp1/nios2eds/bin/gnu/H-i686-pc-linux-gnu/bin/../lib/gcc/nios2-elf/4.1.2/mno-hw-mul/libgcc.a(_si_to_df.o)
                              obj/default/main.o (__floatsidf)
/opt/altera/13.0sp1/nios2eds/bin/gnu/H-i686-pc-linux-gnu/bin/../lib/gcc/nios2-elf/4.1.2/mno-hw-mul/libgcc.a(_df_to_si.o)
                              obj/default/main.o (__fixdfsi)
/opt/altera/13.0sp1/nios2eds/bin/gnu/H-i686-pc-linux-gnu/bin/../lib/gcc/nios2-elf/4.1.2/mno-hw-mul/libgcc.a(_make_df.o)
                              /opt/altera/13.0sp1/nios2eds/bin/gnu/H-i686-pc-linux-gnu/bin/../lib/gcc/nios2-elf/4.1.2/mno-hw-mul/libgcc.a(_sf_to_df.o) (__make_dp)
/opt/altera/13.0sp1/nios2eds/bin/gnu/H-i686-pc-linux-gnu/bin/../lib/gcc/nios2-elf/4.1.2/mno-hw-mul/libgcc.a(_thenan_df.o)
                              /opt/altera/13.0sp1/nios2eds/bin/gnu/H-i686-pc-linux-gnu/bin/../lib/gcc/nios2-elf/4.1.2/mno-hw-mul/libgcc.a(_addsub_df.o) (__thenan_df)
/opt/altera/13.0sp1/nios2eds/bin/gnu/H-i686-pc-linux-gnu/bin/../lib/gcc/nios2-elf/4.1.2/mno-hw-mul/libgcc.a(lib2-divmod.o)
                              obj/default/main.o (__divsi3)
/opt/altera/13.0sp1/nios2eds/bin/gnu/H-i686-pc-linux-gnu/bin/../lib/gcc/nios2-elf/4.1.2/mno-hw-mul/libgcc.a(lib2-mul.o)
                              obj/default/main.o (__mulsi3)
/opt/altera/13.0sp1/nios2eds/bin/gnu/H-i686-pc-linux-gnu/bin/../lib/gcc/nios2-elf/4.1.2/mno-hw-mul/libgcc.a(_clzsi2.o)
                              /opt/altera/13.0sp1/nios2eds/bin/gnu/H-i686-pc-linux-gnu/bin/../lib/gcc/nios2-elf/4.1.2/mno-hw-mul/libgcc.a(_si_to_sf.o) (__clzsi2)
/opt/altera/13.0sp1/nios2eds/bin/gnu/H-i686-pc-linux-gnu/bin/../lib/gcc/nios2-elf/4.1.2/mno-hw-mul/libgcc.a(_pack_sf.o)
                              /opt/altera/13.0sp1/nios2eds/bin/gnu/H-i686-pc-linux-gnu/bin/../lib/gcc/nios2-elf/4.1.2/mno-hw-mul/libgcc.a(_si_to_sf.o) (__pack_f)
/opt/altera/13.0sp1/nios2eds/bin/gnu/H-i686-pc-linux-gnu/bin/../lib/gcc/nios2-elf/4.1.2/mno-hw-mul/libgcc.a(_unpack_sf.o)
                              /opt/altera/13.0sp1/nios2eds/bin/gnu/H-i686-pc-linux-gnu/bin/../lib/gcc/nios2-elf/4.1.2/mno-hw-mul/libgcc.a(_sf_to_df.o) (__unpack_f)
/opt/altera/13.0sp1/nios2eds/bin/gnu/H-i686-pc-linux-gnu/bin/../lib/gcc/nios2-elf/4.1.2/mno-hw-mul/libgcc.a(_pack_df.o)
                              /opt/altera/13.0sp1/nios2eds/bin/gnu/H-i686-pc-linux-gnu/bin/../lib/gcc/nios2-elf/4.1.2/mno-hw-mul/libgcc.a(_addsub_df.o) (__pack_d)
/opt/altera/13.0sp1/nios2eds/bin/gnu/H-i686-pc-linux-gnu/bin/../lib/gcc/nios2-elf/4.1.2/mno-hw-mul/libgcc.a(_unpack_df.o)
                              /opt/altera/13.0sp1/nios2eds/bin/gnu/H-i686-pc-linux-gnu/bin/../lib/gcc/nios2-elf/4.1.2/mno-hw-mul/libgcc.a(_addsub_df.o) (__unpack_d)
/opt/altera/13.0sp1/nios2eds/bin/gnu/H-i686-pc-linux-gnu/bin/../lib/gcc/nios2-elf/4.1.2/mno-hw-mul/libgcc.a(_clz.o)
                              /opt/altera/13.0sp1/nios2eds/bin/gnu/H-i686-pc-linux-gnu/bin/../lib/gcc/nios2-elf/4.1.2/mno-hw-mul/libgcc.a(_clzsi2.o) (__clz_tab)
/opt/altera/13.0sp1/nios2eds/bin/gnu/H-i686-pc-linux-gnu/bin/../lib/gcc/nios2-elf/4.1.2/../../../../nios2-elf/lib/mno-hw-mul/libc.a(lib_a-printf.o)
                              obj/default/main.o (printf)
/opt/altera/13.0sp1/nios2eds/bin/gnu/H-i686-pc-linux-gnu/bin/../lib/gcc/nios2-elf/4.1.2/../../../../nios2-elf/lib/mno-hw-mul/libc.a(lib_a-puts.o)
                              obj/default/main.o (puts)
/opt/altera/13.0sp1/nios2eds/bin/gnu/H-i686-pc-linux-gnu/bin/../lib/gcc/nios2-elf/4.1.2/../../../../nios2-elf/lib/mno-hw-mul/libc.a(lib_a-strlen.o)
                              /opt/altera/13.0sp1/nios2eds/bin/gnu/H-i686-pc-linux-gnu/bin/../lib/gcc/nios2-elf/4.1.2/../../../../nios2-elf/lib/mno-hw-mul/libc.a(lib_a-puts.o) (strlen)
/opt/altera/13.0sp1/nios2eds/bin/gnu/H-i686-pc-linux-gnu/bin/../lib/gcc/nios2-elf/4.1.2/../../../../nios2-elf/lib/mno-hw-mul/libc.a(lib_a-vfprintf.o)
                              /opt/altera/13.0sp1/nios2eds/bin/gnu/H-i686-pc-linux-gnu/bin/../lib/gcc/nios2-elf/4.1.2/../../../../nios2-elf/lib/mno-hw-mul/libc.a(lib_a-printf.o) (___vfprintf_internal_r)
[...]
Memory Configuration

Name             Origin             Length             Attributes
reset            0x00000000         0x00000020
onchip_memory    0x00000020         0x00007fe0
sram             0x00100000         0x00080000
sdram            0x01000000         0x00800000
*default*        0x00000000         0xffffffff

Linker script and memory map

LOAD ../Cruise_Control_bsp//obj/HAL/src/crt0.o
LOAD obj/default/main.o
LOAD /opt/altera/13.0sp1/nios2eds/bin/gnu/H-i686-pc-linux-gnu/bin/../lib/gcc/nios2-elf/4.1.2/../../../../nios2-elf/lib/mno-hw-mul/libstdc++.a
LOAD /opt/altera/13.0sp1/nios2eds/bin/gnu/H-i686-pc-linux-gnu/bin/../lib/gcc/nios2-elf/4.1.2/../../../../nios2-elf/lib/mno-hw-mul/libm.a
LOAD /opt/altera/13.0sp1/nios2eds/bin/gnu/H-i686-pc-linux-gnu/bin/../lib/gcc/nios2-elf/4.1.2/mno-hw-mul/libgcc.a
START GROUP
LOAD /opt/altera/13.0sp1/nios2eds/bin/gnu/H-i686-pc-linux-gnu/bin/../lib/gcc/nios2-elf/4.1.2/../../../../nios2-elf/lib/mno-hw-mul/libc.a
LOAD /opt/altera/13.0sp1/nios2eds/bin/gnu/H-i686-pc-linux-gnu/bin/../lib/gcc/nios2-elf/4.1.2/mno-hw-mul/libgcc.a
LOAD ../Cruise_Control_bsp//libucosii_bsp.a
END GROUP
LOAD /opt/altera/13.0sp1/nios2eds/bin/gnu/H-i686-pc-linux-gnu/bin/../lib/gcc/nios2-elf/4.1.2/mno-hw-mul/libgcc.a
                0x00000000                __alt_mem_onchip_memory = 0x0
                0x00100000                __alt_mem_sram = 0x100000
                0x01000000                __alt_mem_sdram = 0x1000000

.entry          0x00000000       0x20
 *(.entry)
 .entry         0x00000000       0x20 ../Cruise_Control_bsp//obj/HAL/src/crt0.o
                0x00000000                __reset

.exceptions     0x00000020      0x19c load address 0x01000000
                0x00000020                PROVIDE (__ram_exceptions_start, ABSOLUTE (.))
                0x00000020                . = ALIGN (0x20)
 *(.irq)
 *(.exceptions.entry.label)
 .exceptions.entry.label
                0x00000020        0x0 ../Cruise_Control_bsp//libucosii_bsp.a(alt_irq_entry.o)
                0x00000020                alt_irq_entry
 .exceptions.entry.label
                0x00000020        0x0 ../Cruise_Control_bsp//libucosii_bsp.a(alt_exception_entry.o)
                0x00000020                alt_exception
 *(.exceptions.entry.user)
 *(.exceptions.entry)
 .exceptions.entry
                0x00000020       0x54 ../Cruise_Control_bsp//libucosii_bsp.a(alt_exception_entry.o)
 *(.exceptions.irqtest.user)
 *(.exceptions.irqtest)
 .exceptions.irqtest
                0x00000074       0x10 ../Cruise_Control_bsp//libucosii_bsp.a(alt_irq_entry.o)
 *(.exceptions.irqhandler.user)
 *(.exceptions.irqhandler)
 .exceptions.irqhandler
                0x00000084        0x4 ../Cruise_Control_bsp//libucosii_bsp.a(alt_irq_entry.o)
 *(.exceptions.irqreturn.user)
 *(.exceptions.irqreturn)
 .exceptions.irqreturn
                0x00000088        0x4 ../Cruise_Control_bsp//libucosii_bsp.a(alt_irq_entry.o)
 *(.exceptions.notirq.label)
 .exceptions.notirq.label
                0x0000008c        0x0 ../Cruise_Control_bsp//libucosii_bsp.a(alt_irq_entry.o)
 *(.exceptions.notirq.user)
 *(.exceptions.notirq)
 .exceptions.notirq
                0x0000008c        0x8 ../Cruise_Control_bsp//libucosii_bsp.a(alt_exception_entry.o)
 *(.exceptions.soft.user)
 *(.exceptions.soft)
 *(.exceptions.unknown.user)
 *(.exceptions.unknown)
 .exceptions.unknown
                0x00000094        0x4 ../Cruise_Control_bsp//libucosii_bsp.a(alt_exception_entry.o)
 *(.exceptions.exit.label)
 .exceptions.exit.label
                0x00000098        0x0 ../Cruise_Control_bsp//libucosii_bsp.a(alt_irq_entry.o)
 .exceptions.exit.label
                0x00000098        0x0 ../Cruise_Control_bsp//libucosii_bsp.a(alt_exception_entry.o)
 *(.exceptions.exit.user)
 *(.exceptions.exit)
 .exceptions.exit
                0x00000098       0x54 ../Cruise_Control_bsp//libucosii_bsp.a(alt_exception_entry.o)
 *(.exceptions)
 .exceptions    0x000000ec       0xd0 ../Cruise_Control_bsp//libucosii_bsp.a(alt_irq_handler.o)
                0x000000ec                alt_irq_handler
                0x000001bc                PROVIDE (__ram_exceptions_end, ABSOLUTE (.))
                0x01000000                PROVIDE (__flash_exceptions_start, LOADADDR (.exceptions))

.text           0x0100019c    0x19238
                0x0100019c                PROVIDE (stext, ABSOLUTE (.))
 *(.interp)
 *(.hash)
 *(.dynsym)
 *(.dynstr)
 *(.gnu.version)
 *(.gnu.version_d)
 *(.gnu.version_r)
 *(.rel.init)
 *(.rela.init)
 *(.rel.text .rel.text.* .rel.gnu.linkonce.t.*)
 *(.rela.text .rela.text.* .rela.gnu.linkonce.t.*)
 *(.rel.fini)
 *(.rela.fini)
 *(.rel.rodata .rel.rodata.* .rel.gnu.linkonce.r.*)
 *(.rela.rodata .rela.rodata.* .rela.gnu.linkonce.r.*)
 *(.rel.data .rel.data.* .rel.gnu.linkonce.d.*)
 *(.rela.data .rela.data.* .rela.gnu.linkonce.d.*)
 *(.rel.tdata .rel.tdata.* .rel.gnu.linkonce.td.*)
 *(.rela.tdata .rela.tdata.* .rela.gnu.linkonce.td.*)
 *(.rel.tbss .rel.tbss.* .rel.gnu.linkonce.tb.*)
 *(.rela.tbss .rela.tbss.* .rela.gnu.linkonce.tb.*)
 *(.rel.ctors)
 *(.rela.ctors)
 *(.rel.dtors)
 *(.rela.dtors)
 *(.rel.got)
 *(.rela.got)
 *(.rel.sdata .rel.sdata.* .rel.gnu.linkonce.s.*)
 *(.rela.sdata .rela.sdata.* .rela.gnu.linkonce.s.*)
 *(.rel.sbss .rel.sbss.* .rel.gnu.linkonce.sb.*)
 *(.rela.sbss .rela.sbss.* .rela.gnu.linkonce.sb.*)
 *(.rel.sdata2 .rel.sdata2.* .rel.gnu.linkonce.s2.*)
 *(.rela.sdata2 .rela.sdata2.* .rela.gnu.linkonce.s2.*)
 *(.rel.sbss2 .rel.sbss2.* .rel.gnu.linkonce.sb2.*)
 *(.rela.sbss2 .rela.sbss2.* .rela.gnu.linkonce.sb2.*)
 *(.rel.bss .rel.bss.* .rel.gnu.linkonce.b.*)
 *(.rela.bss .rela.bss.* .rela.gnu.linkonce.b.*)
 *(.rel.plt)
 *(.rela.plt)
 *(.rel.dyn)
 *(.init)
 *(.plt)
 *(.text .stub .text.* .gnu.linkonce.t.*)
 .text          0x0100019c       0x3c ../Cruise_Control_bsp//obj/HAL/src/crt0.o
                0x0100019c                _start
 .text          0x010001d8     0x1a38 obj/default/main.o
                0x010001d8                draw_green_leds
                0x01000268                draw_red_leds
                0x010002e8                buttons_pressed
                0x01000310                switches_pressed
                0x01000334                simulate_overload
                0x01000384                alarm_handler
                0x010003b4                Vehicle_Callback
                0x010003e0                Control_Callback
                0x0100040c                Detection_Callback
                0x01000438                WatchDog_Callback
                0x01000464                ExtraLoad_Callback
                0x01000490                makeAvailableButtonTask
                0x010004bc                makeAvailableSwitchTask
                0x010004e8                int2seven
                0x01000524                show_velocity_on_sevenseg
                0x01000614                show_target_velocity
                0x010006d8                show_position
                0x010007a8                adjust_position
                0x010008b4                adjust_velocity
                0x010009f4                VehicleTask
                0x01000cb0                deactivateCruiseControl
                0x01000cd4                activateCruiseControl
                0x01000d0c                handleGasPedal
                0x01000d70                handleBrakePedal
                0x01000dc8                allowedToActivateCruiseControl
                0x01000e3c                handleCruiseControl
                0x01000ec0                handleTopGear
                0x01000f24                handleEngine
                0x01001094                ControlTask
                0x0100116c                DetectionTask
                0x010011bc                WatchDogTask
                0x01001248                ExtraLoadTask
                0x010012e0                ButtonIO
                0x010013ac                SwitchIO
                0x01001448                StartTask
                0x01001b78                main
 .text          0x01001c10       0x98 /opt/altera/13.0sp1/nios2eds/bin/gnu/H-i686-pc-linux-gnu/bin/../lib/gcc/nios2-elf/4.1.2/mno-hw-mul/libgcc.a(_si_to_sf.o)
                0x01001c10                __floatsisf
 .text          0x01001ca8       0x54 /opt/altera/13.0sp1/nios2eds/bin/gnu/H-i686-pc-linux-gnu/bin/../lib/gcc/nios2-elf/4.1.2/mno-hw-mul/libgcc.a(_sf_to_df.o)
                0x01001ca8                __extendsfdf2
 .text          0x01001cfc      0x504 /opt/altera/13.0sp1/nios2eds/bin/gnu/H-i686-pc-linux-gnu/bin/../lib/gcc/nios2-elf/4.1.2/mno-hw-mul/libgcc.a(_addsub_df.o)
                0x0100210c                __subdf3
                0x0100218c                __adddf3
 .text          0x01002200      0x258 /opt/altera/13.0sp1/nios2eds/bin/gnu/H-i686-pc-linux-gnu/bin/../lib/gcc/nios2-elf/4.1.2/mno-hw-mul/libgcc.a(_div_df.o)
                0x01002200                __divdf3
 .text          0x01002458       0xf8 /opt/altera/13.0sp1/nios2eds/bin/gnu/H-i686-pc-linux-gnu/bin/../lib/gcc/nios2-elf/4.1.2/mno-hw-mul/libgcc.a(_si_to_df.o)
                0x01002458                __floatsidf
 .text          0x01002550       0xd8 /opt/altera/13.0sp1/nios2eds/bin/gnu/H-i686-pc-linux-gnu/bin/../lib/gcc/nios2-elf/4.1.2/mno-hw-mul/libgcc.a(_df_to_si.o)
                0x01002550                __fixdfsi
 .text          0x01002628       0x38 /opt/altera/13.0sp1/nios2eds/bin/gnu/H-i686-pc-linux-gnu/bin/../lib/gcc/nios2-elf/4.1.2/mno-hw-mul/libgcc.a(_make_df.o)
                0x01002628                __make_dp
 .text          0x01002660        0x0 /opt/altera/13.0sp1/nios2eds/bin/gnu/H-i686-pc-linux-gnu/bin/../lib/gcc/nios2-elf/4.1.2/mno-hw-mul/libgcc.a(_thenan_df.o)
 .text          0x01002660      0x14c /opt/altera/13.0sp1/nios2eds/bin/gnu/H-i686-pc-linux-gnu/bin/../lib/gcc/nios2-elf/4.1.2/mno-hw-mul/libgcc.a(lib2-divmod.o)
                0x010026dc                __divsi3
                0x0100273c                __modsi3
                0x0100279c                __udivsi3
                0x010027a4                __umodsi3
 .text          0x010027ac       0x38 /opt/altera/13.0sp1/nios2eds/bin/gnu/H-i686-pc-linux-gnu/bin/../lib/gcc/nios2-elf/4.1.2/mno-hw-mul/libgcc.a(lib2-mul.o)
                0x010027ac                __mulsi3
 .text          0x010027e4       0x80 /opt/altera/13.0sp1/nios2eds/bin/gnu/H-i686-pc-linux-gnu/bin/../lib/gcc/nios2-elf/4.1.2/mno-hw-mul/libgcc.a(_clzsi2.o)
                0x010027e4                __clzsi2
 .text          0x01002864      0x160 /opt/altera/13.0sp1/nios2eds/bin/gnu/H-i686-pc-linux-gnu/bin/../lib/gcc/nios2-elf/4.1.2/mno-hw-mul/libgcc.a(_pack_sf.o)
                0x01002864                __pack_f
 .text          0x010029c4       0xc8 /opt/altera/13.0sp1/nios2eds/bin/gnu/H-i686-pc-linux-gnu/bin/../lib/gcc/nios2-elf/4.1.2/mno-hw-mul/libgcc.a(_unpack_sf.o)
                0x010029c4                __unpack_f
 .text          0x01002a8c      0x314 /opt/altera/13.0sp1/nios2eds/bin/gnu/H-i686-pc-linux-gnu/bin/../lib/gcc/nios2-elf/4.1.2/mno-hw-mul/libgcc.a(_pack_df.o)
                0x01002a8c                __pack_d
 .text          0x01002da0      0x138 /opt/altera/13.0sp1/nios2eds/bin/gnu/H-i686-pc-linux-gnu/bin/../lib/gcc/nios2-elf/4.1.2/mno-hw-mul/libgcc.a(_unpack_df.o)
                0x01002da0                __unpack_d
 .text          0x01002ed8        0x0 /opt/altera/13.0sp1/nios2eds/bin/gnu/H-i686-pc-linux-gnu/bin/../lib/gcc/nios2-elf/4.1.2/mno-hw-mul/libgcc.a(_clz.o)
 .text          0x01002ed8       0x78 /opt/altera/13.0sp1/nios2eds/bin/gnu/H-i686-pc-linux-gnu/bin/../lib/gcc/nios2-elf/4.1.2/../../../../nios2-elf/lib/mno-hw-mul/libc.a(lib_a-printf.o)
                0x01002ed8                printf
                0x01002f1c                _printf_r
 .text          0x01002f50       0xb4 /opt/altera/13.0sp1/nios2eds/bin/gnu/H-i686-pc-linux-gnu/bin/../lib/gcc/nios2-elf/4.1.2/../../../../nios2-elf/lib/mno-hw-mul/libc.a(lib_a-puts.o)
                0x01002f50                _puts_r
                0x01002ff0                puts
 .text          0x01003004       0x74 /opt/altera/13.0sp1/nios2eds/bin/gnu/H-i686-pc-linux-gnu/bin/../lib/gcc/nios2-elf/4.1.2/../../../../nios2-elf/lib/mno-hw-mul/libc.a(lib_a-strlen.o)
                0x01003004                strlen
 .text          0x01003078     0x1f40 /opt/altera/13.0sp1/nios2eds/bin/gnu/H-i686-pc-linux-gnu/bin/../lib/gcc/nios2-elf/4.1.2/../../../../nios2-elf/lib/mno-hw-mul/libc.a(lib_a-vfprintf.o)
                0x010030d0                ___vfprintf_internal_r
                0x01004f94                __vfprintf_internal
 .text          0x01004fb8      0x13c /opt/altera/13.0sp1/nios2eds/bin/gnu/H-i686-pc-linux-gnu/bin/../lib/gcc/nios2-elf/4.1.2/../../../../nios2-elf/lib/mno-hw-mul/libc.a(lib_a-wsetup.o)
                0x01004fb8                __swsetup_r
 .text          0x010050f4     0x17f8 /opt/altera/13.0sp1/nios2eds/bin/gnu/H-i686-pc-linux-gnu/bin/../lib/gcc/nios2-elf/4.1.2/../../../../nios2-elf/lib/mno-hw-mul/libc.a(lib_a-dtoa.o)
                0x01005338                _dtoa_r
 .text          0x010068ec      0x230 /opt/altera/13.0sp1/nios2eds/bin/gnu/H-i686-pc-linux-gnu/bin/../lib/gcc/nios2-elf/4.1.2/../../../../nios2-elf/lib/mno-hw-mul/libc.a(lib_a-fflush.o)
                0x010068ec                _fflush_r
                0x01006ae8                fflush
 .text          0x01006b1c      0x2f4 /opt/altera/13.0sp1/nios2eds/bin/gnu/H-i686-pc-linux-gnu/bin/../lib/gcc/nios2-elf/4.1.2/../../../../nios2-elf/lib/mno-hw-mul/libc.a(lib_a-findfp.o)
                0x01006b74                __sfp_lock_acquire
                0x01006b78                __sfp_lock_release
                0x01006b7c                __sinit_lock_acquire
                0x01006b80                __sinit_lock_release
                0x01006b84                __sinit
                0x01006c38                __fp_unlock_all
                0x01006c50                __fp_lock_all
                0x01006c68                _cleanup_r
                0x01006c74                _cleanup
                0x01006c84                __sfmoreglue
                0x01006d20                __sfp
 .text          0x01006e10      0x440 /opt/altera/13.0sp1/nios2eds/bin/gnu/H-i686-pc-linux-gnu/bin/../lib/gcc/nios2-elf/4.1.2/../../../../nios2-elf/lib/mno-hw-mul/libc.a(lib_a-freer.o)
                0x01006e10                _malloc_trim_r
                0x01006f3c                _free_r
 .text          0x01007250      0x49c /opt/altera/13.0sp1/nios2eds/bin/gnu/H-i686-pc-linux-gnu/bin/../lib/gcc/nios2-elf/4.1.2/../../../../nios2-elf/lib/mno-hw-mul/libc.a(lib_a-fvwrite.o)
                0x01007250                __sfvwrite_r
 .text          0x010076ec      0x180 /opt/altera/13.0sp1/nios2eds/bin/gnu/H-i686-pc-linux-gnu/bin/../lib/gcc/nios2-elf/4.1.2/../../../../nios2-elf/lib/mno-hw-mul/libc.a(lib_a-fwalk.o)
                0x010076ec                _fwalk_reent
                0x010077b4                _fwalk
 .text          0x0100786c        0x0 /opt/altera/13.0sp1/nios2eds/bin/gnu/H-i686-pc-linux-gnu/bin/../lib/gcc/nios2-elf/4.1.2/../../../../nios2-elf/lib/mno-hw-mul/libc.a(lib_a-impure.o)
 .text          0x0100786c       0xc4 /opt/altera/13.0sp1/nios2eds/bin/gnu/H-i686-pc-linux-gnu/bin/../lib/gcc/nios2-elf/4.1.2/../../../../nios2-elf/lib/mno-hw-mul/libc.a(lib_a-locale.o)
                0x0100786c                __locale_charset
                0x01007874                _localeconv_r
                0x01007880                localeconv
                0x01007890                _setlocale_r
                0x01007914                setlocale
 .text          0x01007930      0x194 /opt/altera/13.0sp1/nios2eds/bin/gnu/H-i686-pc-linux-gnu/bin/../lib/gcc/nios2-elf/4.1.2/../../../../nios2-elf/lib/mno-hw-mul/libc.a(lib_a-makebuf.o)
                0x01007930                __smakebuf_r
 .text          0x01007ac4      0x740 /opt/altera/13.0sp1/nios2eds/bin/gnu/H-i686-pc-linux-gnu/bin/../lib/gcc/nios2-elf/4.1.2/../../../../nios2-elf/lib/mno-hw-mul/libc.a(lib_a-mallocr.o)
                0x01007ac4                _malloc_r
 .text          0x01008204       0xe4 /opt/altera/13.0sp1/nios2eds/bin/gnu/H-i686-pc-linux-gnu/bin/../lib/gcc/nios2-elf/4.1.2/../../../../nios2-elf/lib/mno-hw-mul/libc.a(lib_a-memchr.o)
                0x01008204                memchr
 .text          0x010082e8       0xa0 /opt/altera/13.0sp1/nios2eds/bin/gnu/H-i686-pc-linux-gnu/bin/../lib/gcc/nios2-elf/4.1.2/../../../../nios2-elf/lib/mno-hw-mul/libc.a(lib_a-memcpy.o)
                0x010082e8                memcpy
 .text          0x01008388       0xe0 /opt/altera/13.0sp1/nios2eds/bin/gnu/H-i686-pc-linux-gnu/bin/../lib/gcc/nios2-elf/4.1.2/../../../../nios2-elf/lib/mno-hw-mul/libc.a(lib_a-memmove.o)
                0x01008388                memmove
 .text          0x01008468       0x98 /opt/altera/13.0sp1/nios2eds/bin/gnu/H-i686-pc-linux-gnu/bin/../lib/gcc/nios2-elf/4.1.2/../../../../nios2-elf/lib/mno-hw-mul/libc.a(lib_a-memset.o)
                0x01008468                memset
 .text          0x01008500     0x108c /opt/altera/13.0sp1/nios2eds/bin/gnu/H-i686-pc-linux-gnu/bin/../lib/gcc/nios2-elf/4.1.2/../../../../nios2-elf/lib/mno-hw-mul/libc.a(lib_a-mprec.o)
                0x01008500                _Bfree
                0x01008528                __hi0bits
                0x01008598                __lo0bits
                0x0100865c                __mcmp
                0x010086bc                __ulp
                0x0100873c                __b2d
                0x0100885c                __ratio
                0x0100890c                _mprec_log10
                0x010089a0                __copybits
                0x010089f8                __any_on
                0x01008a80                _Balloc
                0x01008b3c                __d2b
                0x01008cb8                __mdiff
                0x01008e44                __lshift
                0x01008f90                __multiply
                0x010091e4                __i2b
                0x01009220                __multadd
                0x0100934c                __pow5mult
                0x0100946c                __s2b
 .text          0x0100958c      0x5f4 /opt/altera/13.0sp1/nios2eds/bin/gnu/H-i686-pc-linux-gnu/bin/../lib/gcc/nios2-elf/4.1.2/../../../../nios2-elf/lib/mno-hw-mul/libc.a(lib_a-reallocr.o)
                0x0100958c                _realloc_r
 .text          0x01009b80       0x40 /opt/altera/13.0sp1/nios2eds/bin/gnu/H-i686-pc-linux-gnu/bin/../lib/gcc/nios2-elf/4.1.2/../../../../nios2-elf/lib/mno-hw-mul/libc.a(lib_a-s_isinfd.o)
                0x01009b80                __isinfd
 .text          0x01009bc0       0x30 /opt/altera/13.0sp1/nios2eds/bin/gnu/H-i686-pc-linux-gnu/bin/../lib/gcc/nios2-elf/4.1.2/../../../../nios2-elf/lib/mno-hw-mul/libc.a(lib_a-s_isnand.o)
                0x01009bc0                __isnand
 .text          0x01009bf0       0x70 /opt/altera/13.0sp1/nios2eds/bin/gnu/H-i686-pc-linux-gnu/bin/../lib/gcc/nios2-elf/4.1.2/../../../../nios2-elf/lib/mno-hw-mul/libc.a(lib_a-sbrkr.o)
                0x01009bf0                _sbrk_r
 .text          0x01009c60      0x14c /opt/altera/13.0sp1/nios2eds/bin/gnu/H-i686-pc-linux-gnu/bin/../lib/gcc/nios2-elf/4.1.2/../../../../nios2-elf/lib/mno-hw-mul/libc.a(lib_a-stdio.o)
                0x01009c60                __sclose
                0x01009c68                __sseek
                0x01009cd0                __swrite
                0x01009d4c                __sread
 .text          0x01009dac       0xbc /opt/altera/13.0sp1/nios2eds/bin/gnu/H-i686-pc-linux-gnu/bin/../lib/gcc/nios2-elf/4.1.2/../../../../nios2-elf/lib/mno-hw-mul/libc.a(lib_a-strcmp.o)
                0x01009dac                strcmp
 .text          0x01009e68       0x78 /opt/altera/13.0sp1/nios2eds/bin/gnu/H-i686-pc-linux-gnu/bin/../lib/gcc/nios2-elf/4.1.2/../../../../nios2-elf/lib/mno-hw-mul/libc.a(lib_a-writer.o)
                0x01009e68                _write_r
 .text          0x01009ee0       0xc8 /opt/altera/13.0sp1/nios2eds/bin/gnu/H-i686-pc-linux-gnu/bin/../lib/gcc/nios2-elf/4.1.2/../../../../nios2-elf/lib/mno-hw-mul/libc.a(lib_a-callocr.o)
                0x01009ee0                _calloc_r
 .text          0x01009fa8       0x70 /opt/altera/13.0sp1/nios2eds/bin/gnu/H-i686-pc-linux-gnu/bin/../lib/gcc/nios2-elf/4.1.2/../../../../nios2-elf/lib/mno-hw-mul/libc.a(lib_a-closer.o)
                0x01009fa8                _close_r
 .text          0x0100a018      0x124 /opt/altera/13.0sp1/nios2eds/bin/gnu/H-i686-pc-linux-gnu/bin/../lib/gcc/nios2-elf/4.1.2/../../../../nios2-elf/lib/mno-hw-mul/libc.a(lib_a-fclose.o)
                0x0100a018                _fclose_r
                0x0100a128                fclose
 .text          0x0100a13c       0x74 /opt/altera/13.0sp1/nios2eds/bin/gnu/H-i686-pc-linux-gnu/bin/../lib/gcc/nios2-elf/4.1.2/../../../../nios2-elf/lib/mno-hw-mul/libc.a(lib_a-fstatr.o)
                0x0100a13c                _fstat_r
 .text          0x0100a1b0        0x0 /opt/altera/13.0sp1/nios2eds/bin/gnu/H-i686-pc-linux-gnu/bin/../lib/gcc/nios2-elf/4.1.2/../../../../nios2-elf/lib/mno-hw-mul/libc.a(lib_a-int_errno.o)
 .text          0x0100a1b0       0x70 /opt/altera/13.0sp1/nios2eds/bin/gnu/H-i686-pc-linux-gnu/bin/../lib/gcc/nios2-elf/4.1.2/../../../../nios2-elf/lib/mno-hw-mul/libc.a(lib_a-isattyr.o)
                0x0100a1b0                _isatty_r
 .text          0x0100a220       0x78 /opt/altera/13.0sp1/nios2eds/bin/gnu/H-i686-pc-linux-gnu/bin/../lib/gcc/nios2-elf/4.1.2/../../../../nios2-elf/lib/mno-hw-mul/libc.a(lib_a-lseekr.o)
                0x0100a220                _lseek_r
 .text          0x0100a298       0x78 /opt/altera/13.0sp1/nios2eds/bin/gnu/H-i686-pc-linux-gnu/bin/../lib/gcc/nios2-elf/4.1.2/../../../../nios2-elf/lib/mno-hw-mul/libc.a(lib_a-readr.o)
                0x0100a298                _read_r
 .text          0x0100a310      0x66c /opt/altera/13.0sp1/nios2eds/bin/gnu/H-i686-pc-linux-gnu/bin/../lib/gcc/nios2-elf/4.1.2/mno-hw-mul/libgcc.a(_udivdi3.o)
                0x0100a310                __udivdi3
 .text          0x0100a97c      0x660 /opt/altera/13.0sp1/nios2eds/bin/gnu/H-i686-pc-linux-gnu/bin/../lib/gcc/nios2-elf/4.1.2/mno-hw-mul/libgcc.a(_umoddi3.o)
                0x0100a97c                __umoddi3
 .text          0x0100afdc      0x3c4 /opt/altera/13.0sp1/nios2eds/bin/gnu/H-i686-pc-linux-gnu/bin/../lib/gcc/nios2-elf/4.1.2/mno-hw-mul/libgcc.a(_mul_df.o)
                0x0100afdc                __muldf3
 .text          0x0100b3a0       0x88 /opt/altera/13.0sp1/nios2eds/bin/gnu/H-i686-pc-linux-gnu/bin/../lib/gcc/nios2-elf/4.1.2/mno-hw-mul/libgcc.a(_eq_df.o)
                0x0100b3a0                __eqdf2
 .text          0x0100b428       0x88 /opt/altera/13.0sp1/nios2eds/bin/gnu/H-i686-pc-linux-gnu/bin/../lib/gcc/nios2-elf/4.1.2/mno-hw-mul/libgcc.a(_ne_df.o)
                0x0100b428                __nedf2
 .text          0x0100b4b0       0x88 /opt/altera/13.0sp1/nios2eds/bin/gnu/H-i686-pc-linux-gnu/bin/../lib/gcc/nios2-elf/4.1.2/mno-hw-mul/libgcc.a(_gt_df.o)
                0x0100b4b0                __gtdf2
 .text          0x0100b538       0x88 /opt/altera/13.0sp1/nios2eds/bin/gnu/H-i686-pc-linux-gnu/bin/../lib/gcc/nios2-elf/4.1.2/mno-hw-mul/libgcc.a(_ge_df.o)
                0x0100b538                __gedf2
 .text          0x0100b5c0       0x88 /opt/altera/13.0sp1/nios2eds/bin/gnu/H-i686-pc-linux-gnu/bin/../lib/gcc/nios2-elf/4.1.2/mno-hw-mul/libgcc.a(_lt_df.o)
                0x0100b5c0                __ltdf2
 .text          0x0100b648      0x194 /opt/altera/13.0sp1/nios2eds/bin/gnu/H-i686-pc-linux-gnu/bin/../lib/gcc/nios2-elf/4.1.2/mno-hw-mul/libgcc.a(_usi_to_df.o)
                0x0100b648                __floatunsidf
 .text          0x0100b7dc      0x124 /opt/altera/13.0sp1/nios2eds/bin/gnu/H-i686-pc-linux-gnu/bin/../lib/gcc/nios2-elf/4.1.2/mno-hw-mul/libgcc.a(_muldi3.o)
                0x0100b7dc                __muldi3
 .text          0x0100b900       0xc8 /opt/altera/13.0sp1/nios2eds/bin/gnu/H-i686-pc-linux-gnu/bin/../lib/gcc/nios2-elf/4.1.2/mno-hw-mul/libgcc.a(_fpcmp_parts_df.o)
                0x0100b900                __fpcmp_parts_d
 .text          0x0100b9c8      0x154 ../Cruise_Control_bsp//libucosii_bsp.a(alt_alarm_start.o)
                0x0100b9c8                alt_alarm_start
 .text          0x0100bb1c      0x160 ../Cruise_Control_bsp//libucosii_bsp.a(alt_close.o)
                0x0100bb1c                close
 .text          0x0100bc7c       0x2c ../Cruise_Control_bsp//libucosii_bsp.a(alt_dev.o)
 .text          0x0100bca8        0x0 ../Cruise_Control_bsp//libucosii_bsp.a(alt_errno.o)
 .text          0x0100bca8      0x138 ../Cruise_Control_bsp//libucosii_bsp.a(alt_fstat.o)
                0x0100bca8                fstat
 .text          0x0100bde0      0x124 ../Cruise_Control_bsp//libucosii_bsp.a(alt_isatty.o)
                0x0100bde0                isatty
 .text          0x0100bf04       0xec ../Cruise_Control_bsp//libucosii_bsp.a(alt_load.o)
                0x0100bf04                alt_load
 .text          0x0100bff0      0x154 ../Cruise_Control_bsp//libucosii_bsp.a(alt_lseek.o)
                0x0100bff0                lseek
 .text          0x0100c144       0xc8 ../Cruise_Control_bsp//libucosii_bsp.a(alt_main.o)
                0x0100c144                alt_main
 .text          0x0100c20c      0x184 ../Cruise_Control_bsp//libucosii_bsp.a(alt_read.o)
                0x0100c20c                read
 .text          0x0100c390       0x78 ../Cruise_Control_bsp//libucosii_bsp.a(alt_release_fd.o)
                0x0100c390                alt_release_fd
 .text          0x0100c408       0xbc ../Cruise_Control_bsp//libucosii_bsp.a(alt_sbrk.o)
                0x0100c408                sbrk
 .text          0x0100c4c4      0x1a8 ../Cruise_Control_bsp//libucosii_bsp.a(alt_tick.o)
                0x0100c4c4                alt_alarm_stop
                0x0100c55c                alt_tick
 .text          0x0100c66c      0x184 ../Cruise_Control_bsp//libucosii_bsp.a(alt_write.o)
                0x0100c66c                write
 .text          0x0100c7f0      0x108 ../Cruise_Control_bsp//libucosii_bsp.a(alt_env_lock.o)
                0x0100c7f0                __env_lock
                0x0100c89c                __env_unlock
 .text          0x0100c8f8      0x1d8 ../Cruise_Control_bsp//libucosii_bsp.a(alt_malloc_lock.o)
                0x0100c8f8                __malloc_lock
                0x0100ca00                __malloc_unlock
 .text          0x0100cad0     0x212c ../Cruise_Control_bsp//libucosii_bsp.a(os_core.o)
                0x0100cad0                OSEventNameGet
                0x0100cc00                OSEventNameSet
                0x0100cd44                OSEventPendMulti
                0x0100d3f8                OSInit
                0x0100d450                OSIntEnter
                0x0100d4cc                OSIntExit
                0x0100d5cc                OSSchedLock
                0x0100d658                OSSchedUnlock
                0x0100d73c                OSStart
                0x0100d7ac                OSStatInit
                0x0100d858                OSTimeTick
                0x0100da98                OSVersion
                0x0100dab8                OS_Dummy
                0x0100dad4                OS_EventTaskRdy
                0x0100dc68                OS_EventTaskWait
                0x0100dd78                OS_EventTaskWaitMulti
                0x0100decc                OS_EventTaskRemove
                0x0100df84                OS_EventTaskRemoveMulti
                0x0100e088                OS_EventWaitListInit
                0x0100e454                OS_MemClr
                0x0100e4a8                OS_MemCopy
                0x0100e514                OS_Sched
                0x0100e658                OS_StrCopy
                0x0100e6d8                OS_StrLen
                0x0100e730                OS_TaskIdle
                0x0100e78c                OS_TaskStat
                0x0100e854                OS_TaskStatStkChk
                0x0100e91c                OS_TCBInit
 .text          0x0100ebfc      0x1ec ../Cruise_Control_bsp//libucosii_bsp.a(os_dbg.o)
                0x0100ebfc                OSDebugInit
 .text          0x0100ede8     0x193c ../Cruise_Control_bsp//libucosii_bsp.a(os_flag.o)
                0x0100ede8                OSFlagAccept
                0x0100f11c                OSFlagCreate
                0x0100f258                OSFlagDel
                0x0100f500                OSFlagNameGet
                0x0100f644                OSFlagNameSet
                0x0100f798                OSFlagPend
                0x0100fddc                OSFlagPendGetFlagsRdy
                0x0100fe44                OSFlagPost
                0x010101ec                OSFlagQuery
                0x01010484                OS_FlagInit
                0x01010678                OS_FlagUnlink
 .text          0x01010724      0xc8c ../Cruise_Control_bsp//libucosii_bsp.a(os_mbox.o)
                0x01010724                OSMboxAccept
                0x010107c8                OSMboxCreate
                0x010108dc                OSMboxDel
                0x01010b7c                OSMboxPend
                0x01010e44                OSMboxPendAbort
                0x01010fc0                OSMboxPost
                0x010110f4                OSMboxPostOpt
                0x01011280                OSMboxQuery
 .text          0x010113b0      0x80c ../Cruise_Control_bsp//libucosii_bsp.a(os_mem.o)
                0x010113b0                OSMemCreate
                0x010115cc                OSMemGet
                0x010116d0                OSMemNameGet
                0x010117dc                OSMemNameSet
                0x010118fc                OSMemPut
                0x010119ec                OSMemQuery
                0x01011ae8                OS_MemInit
 .text          0x01011bbc     0x1334 ../Cruise_Control_bsp//libucosii_bsp.a(os_q.o)
                0x01011bbc                OSQAccept
                0x01011d10                OSQCreate
                0x01011f24                OSQDel
                0x01012224                OSQFlush
                0x010122ec                OSQPend
                0x0101260c                OSQPendAbort
                0x01012788                OSQPost
                0x01012908                OSQPostFront
                0x01012a90                OSQPostOpt
                0x01012cc4                OSQQuery
                0x01012e44                OS_QInit
 .text          0x01012ef0      0xbc8 ../Cruise_Control_bsp//libucosii_bsp.a(os_sem.o)
                0x01012ef0                OSSemAccept
                0x01012fb0                OSSemCreate
                0x010130c4                OSSemDel
                0x01013364                OSSemPend
                0x010135e0                OSSemPendAbort
                0x0101375c                OSSemPost
                0x01013884                OSSemQuery
                0x010139b4                OSSemSet
 .text          0x01013ab8     0x1a40 ../Cruise_Control_bsp//libucosii_bsp.a(os_task.o)
                0x01013ab8                OSTaskChangePrio
                0x0101402c                OSTaskCreate
                0x01014200                OSTaskCreateExt
                0x01014400                OSTaskDel
                0x0101480c                OSTaskDelReq
                0x0101497c                OSTaskNameGet
                0x01014b34                OSTaskNameSet
                0x01014cf8                OSTaskResume
                0x01014f10                OSTaskStkChk
                0x0101510c                OSTaskSuspend
                0x01015338                OSTaskQuery
                0x0101547c                OS_TaskStkClr
 .text          0x010154f8      0x67c ../Cruise_Control_bsp//libucosii_bsp.a(os_time.o)
                0x010154f8                OSTimeDly
                0x01015644                OSTimeDlyHMSM
                0x0101589c                OSTimeDlyResume
                0x01015aac                OSTimeGet
                0x01015b10                OSTimeSet
 .text          0x01015b74     0x1350 ../Cruise_Control_bsp//libucosii_bsp.a(os_tmr.o)
                0x01015b74                OSTmrCreate
                0x01015d58                OSTmrDel
                0x01015ed0                OSTmrNameGet
                0x0101603c                OSTmrRemainGet
                0x01016238                OSTmrStateGet
                0x01016334                OSTmrStart
                0x010164b4                OSTmrStop
                0x010166e0                OSTmrSignal
                0x010168a8                OSTmr_Init
 .text          0x01016ec4       0xd0 ../Cruise_Control_bsp//libucosii_bsp.a(alt_sys_init.o)
                0x01016ec4                alt_irq_init
                0x01016ef8                alt_sys_init
 .text          0x01016f94      0x148 ../Cruise_Control_bsp//libucosii_bsp.a(altera_avalon_jtag_uart_fd.o)
                0x01016f94                altera_avalon_jtag_uart_read_fd
                0x01016fec                altera_avalon_jtag_uart_write_fd
                0x01017044                altera_avalon_jtag_uart_close_fd
                0x0101708c                altera_avalon_jtag_uart_ioctl_fd
 .text          0x010170dc      0x584 ../Cruise_Control_bsp//libucosii_bsp.a(altera_avalon_jtag_uart_init.o)
                0x010170dc                altera_avalon_jtag_uart_init
                0x010175ec                altera_avalon_jtag_uart_close
 .text          0x01017660       0xf4 ../Cruise_Control_bsp//libucosii_bsp.a(altera_avalon_jtag_uart_ioctl.o)
                0x01017660                altera_avalon_jtag_uart_ioctl
 .text          0x01017754      0x2c0 ../Cruise_Control_bsp//libucosii_bsp.a(altera_avalon_jtag_uart_read.o)
                0x01017754                altera_avalon_jtag_uart_read
 .text          0x01017a14      0x2dc ../Cruise_Control_bsp//libucosii_bsp.a(altera_avalon_jtag_uart_write.o)
                0x01017a14                altera_avalon_jtag_uart_write
 .text          0x01017cf0      0x100 ../Cruise_Control_bsp//libucosii_bsp.a(altera_avalon_timer_sc.o)
                0x01017d60                alt_avalon_timer_sc_init
 .text          0x01017df0       0x1c ../Cruise_Control_bsp//libucosii_bsp.a(alt_dcache_flush_all.o)
                0x01017df0                alt_dcache_flush_all
 .text          0x01017e0c      0x114 ../Cruise_Control_bsp//libucosii_bsp.a(alt_dev_llist_insert.o)
                0x01017e0c                alt_dev_llist_insert
 .text          0x01017f20       0x64 ../Cruise_Control_bsp//libucosii_bsp.a(alt_do_ctors.o)
                0x01017f20                _do_ctors
 .text          0x01017f84       0x64 ../Cruise_Control_bsp//libucosii_bsp.a(alt_do_dtors.o)
                0x01017f84                _do_dtors
 .text          0x01017fe8       0x1c ../Cruise_Control_bsp//libucosii_bsp.a(alt_icache_flush_all.o)
                0x01017fe8                alt_icache_flush_all
 .text          0x01018004      0x1d4 ../Cruise_Control_bsp//libucosii_bsp.a(alt_iic.o)
                0x01018004                alt_ic_isr_register
                0x01018054                alt_ic_irq_enable
                0x010180f0                alt_ic_irq_disable
                0x01018190                alt_ic_irq_enabled
 .text          0x010181d8       0xf8 ../Cruise_Control_bsp//libucosii_bsp.a(alt_iic_isr_register.o)
                0x010181d8                alt_iic_isr_register
 .text          0x010182d0      0x150 ../Cruise_Control_bsp//libucosii_bsp.a(alt_io_redirect.o)
                0x010183a8                alt_io_redirect
 .text          0x01018420        0x0 ../Cruise_Control_bsp//libucosii_bsp.a(alt_irq_entry.o)
 .text          0x01018420        0x0 ../Cruise_Control_bsp//libucosii_bsp.a(alt_irq_handler.o)
 .text          0x01018420        0x0 ../Cruise_Control_bsp//libucosii_bsp.a(alt_irq_vars.o)
 .text          0x01018420      0x2e4 ../Cruise_Control_bsp//libucosii_bsp.a(alt_open.o)
                0x01018518                open
 .text          0x01018704       0x20 ../Cruise_Control_bsp//libucosii_bsp.a(altera_nios2_qsys_irq.o)
                0x01018704                altera_nios2_qsys_irq_init
 .text          0x01018724       0xd0 ../Cruise_Control_bsp//libucosii_bsp.a(os_cpu_a.o)
                0x01018724                OSCtxSw
                0x01018724                OSIntCtxSw
                0x010187b0                OSStartHighRdy
                0x010187d0                OSStartTsk
 .text          0x010187f4      0x46c ../Cruise_Control_bsp//libucosii_bsp.a(os_cpu_c.o)
                0x010187f4                OSTaskStkInit
                0x01018b04                OSTaskCreateHook
                0x01018b24                OSTaskDelHook
                0x01018b44                OSTaskSwHook
                0x01018b60                OSTaskStatHook
                0x01018b7c                OSTimeTickHook
                0x01018be8                OSInitHookBegin
                0x01018c08                OSInitHookEnd
                0x01018c24                OSTaskIdleHook
                0x01018c40                OSTCBInitHook
 .text          0x01018c60        0x0 ../Cruise_Control_bsp//libucosii_bsp.a(alt_exception_entry.o)
 .text          0x01018c60       0x94 ../Cruise_Control_bsp//libucosii_bsp.a(alt_find_dev.o)
                0x01018c60                alt_find_dev
 .text          0x01018cf4      0x120 ../Cruise_Control_bsp//libucosii_bsp.a(alt_find_file.o)
                0x01018cf4                alt_find_file
 .text          0x01018e14      0x104 ../Cruise_Control_bsp//libucosii_bsp.a(alt_get_fd.o)
                0x01018e14                alt_get_fd
 .text          0x01018f18       0x14 /opt/altera/13.0sp1/nios2eds/bin/gnu/H-i686-pc-linux-gnu/bin/../lib/gcc/nios2-elf/4.1.2/../../../../nios2-elf/lib/mno-hw-mul/libc.a(lib_a-atexit.o)
                0x01018f18                atexit
 .text          0x01018f2c       0x38 /opt/altera/13.0sp1/nios2eds/bin/gnu/H-i686-pc-linux-gnu/bin/../lib/gcc/nios2-elf/4.1.2/../../../../nios2-elf/lib/mno-hw-mul/libc.a(lib_a-exit.o)
                0x01018f2c                exit
 .text          0x01018f64       0x74 /opt/altera/13.0sp1/nios2eds/bin/gnu/H-i686-pc-linux-gnu/bin/../lib/gcc/nios2-elf/4.1.2/../../../../nios2-elf/lib/mno-hw-mul/libc.a(lib_a-memcmp.o)
                0x01018f64                memcmp
 .text          0x01018fd8      0x134 /opt/altera/13.0sp1/nios2eds/bin/gnu/H-i686-pc-linux-gnu/bin/../lib/gcc/nios2-elf/4.1.2/../../../../nios2-elf/lib/mno-hw-mul/libc.a(lib_a-__atexit.o)
                0x01018fd8                __register_exitproc
 .text          0x0101910c      0x1b4 /opt/altera/13.0sp1/nios2eds/bin/gnu/H-i686-pc-linux-gnu/bin/../lib/gcc/nios2-elf/4.1.2/../../../../nios2-elf/lib/mno-hw-mul/libc.a(lib_a-__call_atexit.o)
                0x01019110                __call_exitprocs
 .text          0x010192c0       0xa4 /opt/altera/13.0sp1/nios2eds/bin/gnu/H-i686-pc-linux-gnu/bin/../lib/gcc/nios2-elf/4.1.2/mno-hw-mul/libgcc.a(_fixunsdfsi.o)
                0x010192c0                __fixunsdfsi
 .text          0x01019364       0x6c ../Cruise_Control_bsp//libucosii_bsp.a(alt_exit.o)
                0x010193a4                _exit
 *(.gnu.warning.*)
 *(.fini)
                0x010193d0                PROVIDE (__etext, ABSOLUTE (.))
                0x010193d0                PROVIDE (_etext, ABSOLUTE (.))
                0x010193d0                PROVIDE (etext, ABSOLUTE (.))
 *(.eh_frame_hdr)
                0x010193d0                . = ALIGN (0x4)
                0x010193d0                PROVIDE (__preinit_array_start, ABSOLUTE (.))
 *(.preinit_array)
                0x010193d0                PROVIDE (__preinit_array_end, ABSOLUTE (.))
                0x010193d0                PROVIDE (__init_array_start, ABSOLUTE (.))
 *(.init_array)
                0x010193d0                PROVIDE (__init_array_end, ABSOLUTE (.))
                0x010193d0                PROVIDE (__fini_array_start, ABSOLUTE (.))
 *(.fini_array)
                0x010193d0                PROVIDE (__fini_array_end, ABSOLUTE (.))
 *(.eh_frame)
 *(.gcc_except_table)
 *(.dynamic)
                0x010193d0                PROVIDE (__CTOR_LIST__, ABSOLUTE (.))
 *(.ctors)
 *(SORT(.ctors.*))
 .ctors.65535   0x010193d0        0x4 /opt/altera/13.0sp1/nios2eds/bin/gnu/H-i686-pc-linux-gnu/bin/../lib/gcc/nios2-elf/4.1.2/../../../../nios2-elf/lib/mno-hw-mul/libc.a(lib_a-__call_atexit.o)
                0x010193d4                PROVIDE (__CTOR_END__, ABSOLUTE (.))
                0x010193d4                PROVIDE (__DTOR_LIST__, ABSOLUTE (.))
 *(.dtors)
 *(SORT(.dtors.*))
                0x010193d4                PROVIDE (__DTOR_END__, ABSOLUTE (.))
 *(.jcr)
                0x010193d4                . = ALIGN (0x4)

.rodata         0x010193d4      0x850
                0x010193d4                PROVIDE (__ram_rodata_start, ABSOLUTE (.))
                0x010193d4                . = ALIGN (0x4)
 *(.rodata .rodata.* .gnu.linkonce.r.*)
 .rodata        0x010193d4      0x3b0 obj/default/main.o
 .rodata        0x01019784       0x14 /opt/altera/13.0sp1/nios2eds/bin/gnu/H-i686-pc-linux-gnu/bin/../lib/gcc/nios2-elf/4.1.2/mno-hw-mul/libgcc.a(_thenan_df.o)
                0x01019784                __thenan_df
 .rodata        0x01019798      0x100 /opt/altera/13.0sp1/nios2eds/bin/gnu/H-i686-pc-linux-gnu/bin/../lib/gcc/nios2-elf/4.1.2/mno-hw-mul/libgcc.a(_clz.o)
                0x01019798                __clz_tab
 .rodata.str1.4
                0x01019898        0x2 /opt/altera/13.0sp1/nios2eds/bin/gnu/H-i686-pc-linux-gnu/bin/../lib/gcc/nios2-elf/4.1.2/../../../../nios2-elf/lib/mno-hw-mul/libc.a(lib_a-puts.o)
                                  0x4 (size before relaxing)
 *fill*         0x0101989a        0x2 00
 .rodata.str1.4
                0x0101989c       0x5e /opt/altera/13.0sp1/nios2eds/bin/gnu/H-i686-pc-linux-gnu/bin/../lib/gcc/nios2-elf/4.1.2/../../../../nios2-elf/lib/mno-hw-mul/libc.a(lib_a-vfprintf.o)
                                 0x60 (size before relaxing)
 .rodata        0x010198fa       0x20 /opt/altera/13.0sp1/nios2eds/bin/gnu/H-i686-pc-linux-gnu/bin/../lib/gcc/nios2-elf/4.1.2/../../../../nios2-elf/lib/mno-hw-mul/libc.a(lib_a-vfprintf.o)
 *fill*         0x0101991a        0x2 00
 .rodata.str1.4
                0x0101991c       0x10 /opt/altera/13.0sp1/nios2eds/bin/gnu/H-i686-pc-linux-gnu/bin/../lib/gcc/nios2-elf/4.1.2/../../../../nios2-elf/lib/mno-hw-mul/libc.a(lib_a-dtoa.o)
                                 0x14 (size before relaxing)
 .rodata.str1.4
                0x0101992c        0x2 /opt/altera/13.0sp1/nios2eds/bin/gnu/H-i686-pc-linux-gnu/bin/../lib/gcc/nios2-elf/4.1.2/../../../../nios2-elf/lib/mno-hw-mul/libc.a(lib_a-impure.o)
                                  0x4 (size before relaxing)
 *fill*         0x0101992e        0x2 00
 .rodata.str1.4
                0x01019930       0x10 /opt/altera/13.0sp1/nios2eds/bin/gnu/H-i686-pc-linux-gnu/bin/../lib/gcc/nios2-elf/4.1.2/../../../../nios2-elf/lib/mno-hw-mul/libc.a(lib_a-locale.o)
                                 0x18 (size before relaxing)
 .rodata        0x01019940       0x30 /opt/altera/13.0sp1/nios2eds/bin/gnu/H-i686-pc-linux-gnu/bin/../lib/gcc/nios2-elf/4.1.2/../../../../nios2-elf/lib/mno-hw-mul/libc.a(lib_a-locale.o)
 .rodata        0x01019970      0x124 /opt/altera/13.0sp1/nios2eds/bin/gnu/H-i686-pc-linux-gnu/bin/../lib/gcc/nios2-elf/4.1.2/../../../../nios2-elf/lib/mno-hw-mul/libc.a(lib_a-mprec.o)
                0x01019970                __mprec_tens
                0x01019a38                __mprec_bigtens
                0x01019a60                __mprec_tinytens
 .rodata        0x01019a94        0xc ../Cruise_Control_bsp//libucosii_bsp.a(alt_dev.o)
 .rodata        0x01019aa0       0x14 ../Cruise_Control_bsp//libucosii_bsp.a(alt_main.o)
 .rodata        0x01019ab4      0x120 ../Cruise_Control_bsp//libucosii_bsp.a(os_core.o)
                0x01019ab4                OSUnMapTbl
 .rodata        0x01019bd4       0x38 ../Cruise_Control_bsp//libucosii_bsp.a(os_tmr.o)
 .rodata        0x01019c0c       0x14 ../Cruise_Control_bsp//libucosii_bsp.a(alt_sys_init.o)
 .rodata        0x01019c20        0x4 ../Cruise_Control_bsp//libucosii_bsp.a(os_cpu_c.o)
 *(.rodata1)
                0x01019c24                . = ALIGN (0x4)
                0x01019c24                PROVIDE (__ram_rodata_end, ABSOLUTE (.))
                0x010193d4                PROVIDE (__flash_rodata_start, LOADADDR (.rodata))

.rwdata         0x01019c24     0x1b2c load address 0x0101b750
                0x01019c24                PROVIDE (__ram_rwdata_start, ABSOLUTE (.))
                0x01019c24                . = ALIGN (0x4)
 *(.got.plt)
 *(.got)
 *(.data1)
 *(.data .data.* .gnu.linkonce.d.*)
 .data          0x01019c24        0x0 ../Cruise_Control_bsp//obj/HAL/src/crt0.o
 .data          0x01019c24       0x2c obj/default/main.o
 .data          0x01019c50        0x0 /opt/altera/13.0sp1/nios2eds/bin/gnu/H-i686-pc-linux-gnu/bin/../lib/gcc/nios2-elf/4.1.2/mno-hw-mul/libgcc.a(_si_to_sf.o)
 .data          0x01019c50        0x0 /opt/altera/13.0sp1/nios2eds/bin/gnu/H-i686-pc-linux-gnu/bin/../lib/gcc/nios2-elf/4.1.2/mno-hw-mul/libgcc.a(_sf_to_df.o)
 .data          0x01019c50        0x0 /opt/altera/13.0sp1/nios2eds/bin/gnu/H-i686-pc-linux-gnu/bin/../lib/gcc/nios2-elf/4.1.2/mno-hw-mul/libgcc.a(_addsub_df.o)
 .data          0x01019c50        0x0 /opt/altera/13.0sp1/nios2eds/bin/gnu/H-i686-pc-linux-gnu/bin/../lib/gcc/nios2-elf/4.1.2/mno-hw-mul/libgcc.a(_div_df.o)
 .data          0x01019c50        0x0 /opt/altera/13.0sp1/nios2eds/bin/gnu/H-i686-pc-linux-gnu/bin/../lib/gcc/nios2-elf/4.1.2/mno-hw-mul/libgcc.a(_si_to_df.o)
 .data          0x01019c50        0x0 /opt/altera/13.0sp1/nios2eds/bin/gnu/H-i686-pc-linux-gnu/bin/../lib/gcc/nios2-elf/4.1.2/mno-hw-mul/libgcc.a(_df_to_si.o)
 .data          0x01019c50        0x0 /opt/altera/13.0sp1/nios2eds/bin/gnu/H-i686-pc-linux-gnu/bin/../lib/gcc/nios2-elf/4.1.2/mno-hw-mul/libgcc.a(_make_df.o)
 .data          0x01019c50        0x0 /opt/altera/13.0sp1/nios2eds/bin/gnu/H-i686-pc-linux-gnu/bin/../lib/gcc/nios2-elf/4.1.2/mno-hw-mul/libgcc.a(_thenan_df.o)
 .data          0x01019c50        0x0 /opt/altera/13.0sp1/nios2eds/bin/gnu/H-i686-pc-linux-gnu/bin/../lib/gcc/nios2-elf/4.1.2/mno-hw-mul/libgcc.a(lib2-divmod.o)
 .data          0x01019c50        0x0 /opt/altera/13.0sp1/nios2eds/bin/gnu/H-i686-pc-linux-gnu/bin/../lib/gcc/nios2-elf/4.1.2/mno-hw-mul/libgcc.a(lib2-mul.o)
 .data          0x01019c50        0x0 /opt/altera/13.0sp1/nios2eds/bin/gnu/H-i686-pc-linux-gnu/bin/../lib/gcc/nios2-elf/4.1.2/mno-hw-mul/libgcc.a(_clzsi2.o)
 .data          0x01019c50        0x0 /opt/altera/13.0sp1/nios2eds/bin/gnu/H-i686-pc-linux-gnu/bin/../lib/gcc/nios2-elf/4.1.2/mno-hw-mul/libgcc.a(_pack_sf.o)
 .data          0x01019c50        0x0 /opt/altera/13.0sp1/nios2eds/bin/gnu/H-i686-pc-linux-gnu/bin/../lib/gcc/nios2-elf/4.1.2/mno-hw-mul/libgcc.a(_unpack_sf.o)
 .data          0x01019c50        0x0 /opt/altera/13.0sp1/nios2eds/bin/gnu/H-i686-pc-linux-gnu/bin/../lib/gcc/nios2-elf/4.1.2/mno-hw-mul/libgcc.a(_pack_df.o)
 .data          0x01019c50        0x0 /opt/altera/13.0sp1/nios2eds/bin/gnu/H-i686-pc-linux-gnu/bin/../lib/gcc/nios2-elf/4.1.2/mno-hw-mul/libgcc.a(_unpack_df.o)
 .data          0x01019c50        0x0 /opt/altera/13.0sp1/nios2eds/bin/gnu/H-i686-pc-linux-gnu/bin/../lib/gcc/nios2-elf/4.1.2/mno-hw-mul/libgcc.a(_clz.o)
 .data          0x01019c50        0x0 /opt/altera/13.0sp1/nios2eds/bin/gnu/H-i686-pc-linux-gnu/bin/../lib/gcc/nios2-elf/4.1.2/../../../../nios2-elf/lib/mno-hw-mul/libc.a(lib_a-printf.o)
 .data          0x01019c50        0x0 /opt/altera/13.0sp1/nios2eds/bin/gnu/H-i686-pc-linux-gnu/bin/../lib/gcc/nios2-elf/4.1.2/../../../../nios2-elf/lib/mno-hw-mul/libc.a(lib_a-puts.o)
 .data          0x01019c50        0x0 /opt/altera/13.0sp1/nios2eds/bin/gnu/H-i686-pc-linux-gnu/bin/../lib/gcc/nios2-elf/4.1.2/../../../../nios2-elf/lib/mno-hw-mul/libc.a(lib_a-strlen.o)
 .data          0x01019c50        0x0 /opt/altera/13.0sp1/nios2eds/bin/gnu/H-i686-pc-linux-gnu/bin/../lib/gcc/nios2-elf/4.1.2/../../../../nios2-elf/lib/mno-hw-mul/libc.a(lib_a-vfprintf.o)
 .data          0x01019c50        0x0 /opt/altera/13.0sp1/nios2eds/bin/gnu/H-i686-pc-linux-gnu/bin/../lib/gcc/nios2-elf/4.1.2/../../../../nios2-elf/lib/mno-hw-mul/libc.a(lib_a-wsetup.o)
 .data          0x01019c50        0x0 /opt/altera/13.0sp1/nios2eds/bin/gnu/H-i686-pc-linux-gnu/bin/../lib/gcc/nios2-elf/4.1.2/../../../../nios2-elf/lib/mno-hw-mul/libc.a(lib_a-dtoa.o)
 .data          0x01019c50        0x0 /opt/altera/13.0sp1/nios2eds/bin/gnu/H-i686-pc-linux-gnu/bin/../lib/gcc/nios2-elf/4.1.2/../../../../nios2-elf/lib/mno-hw-mul/libc.a(lib_a-fflush.o)
 .data          0x01019c50        0x0 /opt/altera/13.0sp1/nios2eds/bin/gnu/H-i686-pc-linux-gnu/bin/../lib/gcc/nios2-elf/4.1.2/../../../../nios2-elf/lib/mno-hw-mul/libc.a(lib_a-findfp.o)
 .data          0x01019c50        0x0 /opt/altera/13.0sp1/nios2eds/bin/gnu/H-i686-pc-linux-gnu/bin/../lib/gcc/nios2-elf/4.1.2/../../../../nios2-elf/lib/mno-hw-mul/libc.a(lib_a-freer.o)
 .data          0x01019c50        0x0 /opt/altera/13.0sp1/nios2eds/bin/gnu/H-i686-pc-linux-gnu/bin/../lib/gcc/nios2-elf/4.1.2/../../../../nios2-elf/lib/mno-hw-mul/libc.a(lib_a-fvwrite.o)
 .data          0x01019c50        0x0 /opt/altera/13.0sp1/nios2eds/bin/gnu/H-i686-pc-linux-gnu/bin/../lib/gcc/nios2-elf/4.1.2/../../../../nios2-elf/lib/mno-hw-mul/libc.a(lib_a-fwalk.o)
 .data          0x01019c50      0x400 /opt/altera/13.0sp1/nios2eds/bin/gnu/H-i686-pc-linux-gnu/bin/../lib/gcc/nios2-elf/4.1.2/../../../../nios2-elf/lib/mno-hw-mul/libc.a(lib_a-impure.o)
 .data          0x0101a050        0xc /opt/altera/13.0sp1/nios2eds/bin/gnu/H-i686-pc-linux-gnu/bin/../lib/gcc/nios2-elf/4.1.2/../../../../nios2-elf/lib/mno-hw-mul/libc.a(lib_a-locale.o)
                0x0101a050                __lc_ctype
 .data          0x0101a05c        0x0 /opt/altera/13.0sp1/nios2eds/bin/gnu/H-i686-pc-linux-gnu/bin/../lib/gcc/nios2-elf/4.1.2/../../../../nios2-elf/lib/mno-hw-mul/libc.a(lib_a-makebuf.o)
 .data          0x0101a05c      0x408 /opt/altera/13.0sp1/nios2eds/bin/gnu/H-i686-pc-linux-gnu/bin/../lib/gcc/nios2-elf/4.1.2/../../../../nios2-elf/lib/mno-hw-mul/libc.a(lib_a-mallocr.o)
                0x0101a05c                __malloc_av_
 .data          0x0101a464        0x0 /opt/altera/13.0sp1/nios2eds/bin/gnu/H-i686-pc-linux-gnu/bin/../lib/gcc/nios2-elf/4.1.2/../../../../nios2-elf/lib/mno-hw-mul/libc.a(lib_a-memchr.o)
 .data          0x0101a464        0x0 /opt/altera/13.0sp1/nios2eds/bin/gnu/H-i686-pc-linux-gnu/bin/../lib/gcc/nios2-elf/4.1.2/../../../../nios2-elf/lib/mno-hw-mul/libc.a(lib_a-memcpy.o)
 .data          0x0101a464        0x0 /opt/altera/13.0sp1/nios2eds/bin/gnu/H-i686-pc-linux-gnu/bin/../lib/gcc/nios2-elf/4.1.2/../../../../nios2-elf/lib/mno-hw-mul/libc.a(lib_a-memmove.o)
 .data          0x0101a464        0x0 /opt/altera/13.0sp1/nios2eds/bin/gnu/H-i686-pc-linux-gnu/bin/../lib/gcc/nios2-elf/4.1.2/../../../../nios2-elf/lib/mno-hw-mul/libc.a(lib_a-memset.o)
 .data          0x0101a464        0x0 /opt/altera/13.0sp1/nios2eds/bin/gnu/H-i686-pc-linux-gnu/bin/../lib/gcc/nios2-elf/4.1.2/../../../../nios2-elf/lib/mno-hw-mul/libc.a(lib_a-mprec.o)
 .data          0x0101a464        0x0 /opt/altera/13.0sp1/nios2eds/bin/gnu/H-i686-pc-linux-gnu/bin/../lib/gcc/nios2-elf/4.1.2/../../../../nios2-elf/lib/mno-hw-mul/libc.a(lib_a-reallocr.o)
 .data          0x0101a464        0x0 /opt/altera/13.0sp1/nios2eds/bin/gnu/H-i686-pc-linux-gnu/bin/../lib/gcc/nios2-elf/4.1.2/../../../../nios2-elf/lib/mno-hw-mul/libc.a(lib_a-s_isinfd.o)
 .data          0x0101a464        0x0 /opt/altera/13.0sp1/nios2eds/bin/gnu/H-i686-pc-linux-gnu/bin/../lib/gcc/nios2-elf/4.1.2/../../../../nios2-elf/lib/mno-hw-mul/libc.a(lib_a-s_isnand.o)
 .data          0x0101a464        0x0 /opt/altera/13.0sp1/nios2eds/bin/gnu/H-i686-pc-linux-gnu/bin/../lib/gcc/nios2-elf/4.1.2/../../../../nios2-elf/lib/mno-hw-mul/libc.a(lib_a-sbrkr.o)
 .data          0x0101a464        0x0 /opt/altera/13.0sp1/nios2eds/bin/gnu/H-i686-pc-linux-gnu/bin/../lib/gcc/nios2-elf/4.1.2/../../../../nios2-elf/lib/mno-hw-mul/libc.a(lib_a-stdio.o)
 .data          0x0101a464        0x0 /opt/altera/13.0sp1/nios2eds/bin/gnu/H-i686-pc-linux-gnu/bin/../lib/gcc/nios2-elf/4.1.2/../../../../nios2-elf/lib/mno-hw-mul/libc.a(lib_a-strcmp.o)
 .data          0x0101a464        0x0 /opt/altera/13.0sp1/nios2eds/bin/gnu/H-i686-pc-linux-gnu/bin/../lib/gcc/nios2-elf/4.1.2/../../../../nios2-elf/lib/mno-hw-mul/libc.a(lib_a-writer.o)
 .data          0x0101a464        0x0 /opt/altera/13.0sp1/nios2eds/bin/gnu/H-i686-pc-linux-gnu/bin/../lib/gcc/nios2-elf/4.1.2/../../../../nios2-elf/lib/mno-hw-mul/libc.a(lib_a-callocr.o)
 .data          0x0101a464        0x0 /opt/altera/13.0sp1/nios2eds/bin/gnu/H-i686-pc-linux-gnu/bin/../lib/gcc/nios2-elf/4.1.2/../../../../nios2-elf/lib/mno-hw-mul/libc.a(lib_a-closer.o)
 .data          0x0101a464        0x0 /opt/altera/13.0sp1/nios2eds/bin/gnu/H-i686-pc-linux-gnu/bin/../lib/gcc/nios2-elf/4.1.2/../../../../nios2-elf/lib/mno-hw-mul/libc.a(lib_a-fclose.o)
 .data          0x0101a464        0x0 /opt/altera/13.0sp1/nios2eds/bin/gnu/H-i686-pc-linux-gnu/bin/../lib/gcc/nios2-elf/4.1.2/../../../../nios2-elf/lib/mno-hw-mul/libc.a(lib_a-fstatr.o)
 .data          0x0101a464        0x0 /opt/altera/13.0sp1/nios2eds/bin/gnu/H-i686-pc-linux-gnu/bin/../lib/gcc/nios2-elf/4.1.2/../../../../nios2-elf/lib/mno-hw-mul/libc.a(lib_a-int_errno.o)
 .data          0x0101a464        0x0 /opt/altera/13.0sp1/nios2eds/bin/gnu/H-i686-pc-linux-gnu/bin/../lib/gcc/nios2-elf/4.1.2/../../../../nios2-elf/lib/mno-hw-mul/libc.a(lib_a-isattyr.o)
 .data          0x0101a464        0x0 /opt/altera/13.0sp1/nios2eds/bin/gnu/H-i686-pc-linux-gnu/bin/../lib/gcc/nios2-elf/4.1.2/../../../../nios2-elf/lib/mno-hw-mul/libc.a(lib_a-lseekr.o)
 .data          0x0101a464        0x0 /opt/altera/13.0sp1/nios2eds/bin/gnu/H-i686-pc-linux-gnu/bin/../lib/gcc/nios2-elf/4.1.2/../../../../nios2-elf/lib/mno-hw-mul/libc.a(lib_a-readr.o)
 .data          0x0101a464        0x0 /opt/altera/13.0sp1/nios2eds/bin/gnu/H-i686-pc-linux-gnu/bin/../lib/gcc/nios2-elf/4.1.2/mno-hw-mul/libgcc.a(_udivdi3.o)
 .data          0x0101a464        0x0 /opt/altera/13.0sp1/nios2eds/bin/gnu/H-i686-pc-linux-gnu/bin/../lib/gcc/nios2-elf/4.1.2/mno-hw-mul/libgcc.a(_umoddi3.o)
 .data          0x0101a464        0x0 /opt/altera/13.0sp1/nios2eds/bin/gnu/H-i686-pc-linux-gnu/bin/../lib/gcc/nios2-elf/4.1.2/mno-hw-mul/libgcc.a(_mul_df.o)
 .data          0x0101a464        0x0 /opt/altera/13.0sp1/nios2eds/bin/gnu/H-i686-pc-linux-gnu/bin/../lib/gcc/nios2-elf/4.1.2/mno-hw-mul/libgcc.a(_eq_df.o)
 .data          0x0101a464        0x0 /opt/altera/13.0sp1/nios2eds/bin/gnu/H-i686-pc-linux-gnu/bin/../lib/gcc/nios2-elf/4.1.2/mno-hw-mul/libgcc.a(_ne_df.o)
 .data          0x0101a464        0x0 /opt/altera/13.0sp1/nios2eds/bin/gnu/H-i686-pc-linux-gnu/bin/../lib/gcc/nios2-elf/4.1.2/mno-hw-mul/libgcc.a(_gt_df.o)
 .data          0x0101a464        0x0 /opt/altera/13.0sp1/nios2eds/bin/gnu/H-i686-pc-linux-gnu/bin/../lib/gcc/nios2-elf/4.1.2/mno-hw-mul/libgcc.a(_ge_df.o)
 .data          0x0101a464        0x0 /opt/altera/13.0sp1/nios2eds/bin/gnu/H-i686-pc-linux-gnu/bin/../lib/gcc/nios2-elf/4.1.2/mno-hw-mul/libgcc.a(_lt_df.o)
 .data          0x0101a464        0x0 /opt/altera/13.0sp1/nios2eds/bin/gnu/H-i686-pc-linux-gnu/bin/../lib/gcc/nios2-elf/4.1.2/mno-hw-mul/libgcc.a(_usi_to_df.o)
 .data          0x0101a464        0x0 /opt/altera/13.0sp1/nios2eds/bin/gnu/H-i686-pc-linux-gnu/bin/../lib/gcc/nios2-elf/4.1.2/mno-hw-mul/libgcc.a(_muldi3.o)
 .data          0x0101a464        0x0 /opt/altera/13.0sp1/nios2eds/bin/gnu/H-i686-pc-linux-gnu/bin/../lib/gcc/nios2-elf/4.1.2/mno-hw-mul/libgcc.a(_fpcmp_parts_df.o)
 .data          0x0101a464        0x0 ../Cruise_Control_bsp//libucosii_bsp.a(alt_alarm_start.o)
 .data          0x0101a464        0x0 ../Cruise_Control_bsp//libucosii_bsp.a(alt_close.o)
 .data          0x0101a464      0x1a8 ../Cruise_Control_bsp//libucosii_bsp.a(alt_dev.o)
                0x0101a464                alt_dev_null
                0x0101a48c                alt_fd_list
 .data          0x0101a60c        0x0 ../Cruise_Control_bsp//libucosii_bsp.a(alt_errno.o)
 .data          0x0101a60c        0x0 ../Cruise_Control_bsp//libucosii_bsp.a(alt_fstat.o)
 .data          0x0101a60c        0x0 ../Cruise_Control_bsp//libucosii_bsp.a(alt_isatty.o)
 .data          0x0101a60c        0x0 ../Cruise_Control_bsp//libucosii_bsp.a(alt_load.o)
 .data          0x0101a60c        0x0 ../Cruise_Control_bsp//libucosii_bsp.a(alt_lseek.o)
 .data          0x0101a60c        0x0 ../Cruise_Control_bsp//libucosii_bsp.a(alt_main.o)
 .data          0x0101a60c        0x0 ../Cruise_Control_bsp//libucosii_bsp.a(alt_read.o)
 .data          0x0101a60c        0x0 ../Cruise_Control_bsp//libucosii_bsp.a(alt_release_fd.o)
 .data          0x0101a60c        0x0 ../Cruise_Control_bsp//libucosii_bsp.a(alt_sbrk.o)
 .data          0x0101a60c        0x0 ../Cruise_Control_bsp//libucosii_bsp.a(alt_tick.o)
 .data          0x0101a60c        0x0 ../Cruise_Control_bsp//libucosii_bsp.a(alt_write.o)
 .data          0x0101a60c        0x0 ../Cruise_Control_bsp//libucosii_bsp.a(alt_env_lock.o)
 .data          0x0101a60c        0x0 ../Cruise_Control_bsp//libucosii_bsp.a(alt_malloc_lock.o)
 .data          0x0101a60c        0x0 ../Cruise_Control_bsp//libucosii_bsp.a(os_core.o)
 .data          0x0101a60c        0x0 ../Cruise_Control_bsp//libucosii_bsp.a(os_dbg.o)
 .data          0x0101a60c        0x0 ../Cruise_Control_bsp//libucosii_bsp.a(os_flag.o)
 .data          0x0101a60c        0x0 ../Cruise_Control_bsp//libucosii_bsp.a(os_mbox.o)
 .data          0x0101a60c        0x0 ../Cruise_Control_bsp//libucosii_bsp.a(os_mem.o)
 .data          0x0101a60c        0x0 ../Cruise_Control_bsp//libucosii_bsp.a(os_q.o)
 .data          0x0101a60c        0x0 ../Cruise_Control_bsp//libucosii_bsp.a(os_sem.o)
 .data          0x0101a60c        0x0 ../Cruise_Control_bsp//libucosii_bsp.a(os_task.o)
 .data          0x0101a60c        0x0 ../Cruise_Control_bsp//libucosii_bsp.a(os_time.o)
 .data          0x0101a60c        0x0 ../Cruise_Control_bsp//libucosii_bsp.a(os_tmr.o)
 .data          0x0101a60c     0x106c ../Cruise_Control_bsp//libucosii_bsp.a(alt_sys_init.o)
 .data          0x0101b678        0x0 ../Cruise_Control_bsp//libucosii_bsp.a(altera_avalon_jtag_uart_fd.o)
 .data          0x0101b678        0x0 ../Cruise_Control_bsp//libucosii_bsp.a(altera_avalon_jtag_uart_init.o)
 .data          0x0101b678        0x0 ../Cruise_Control_bsp//libucosii_bsp.a(altera_avalon_jtag_uart_ioctl.o)
 .data          0x0101b678        0x0 ../Cruise_Control_bsp//libucosii_bsp.a(altera_avalon_jtag_uart_read.o)
 .data          0x0101b678        0x0 ../Cruise_Control_bsp//libucosii_bsp.a(altera_avalon_jtag_uart_write.o)
 .data          0x0101b678        0x0 ../Cruise_Control_bsp//libucosii_bsp.a(altera_avalon_timer_sc.o)
 .data          0x0101b678        0x0 ../Cruise_Control_bsp//libucosii_bsp.a(alt_dcache_flush_all.o)
 .data          0x0101b678        0x0 ../Cruise_Control_bsp//libucosii_bsp.a(alt_dev_llist_insert.o)
 .data          0x0101b678        0x0 ../Cruise_Control_bsp//libucosii_bsp.a(alt_do_ctors.o)
 .data          0x0101b678        0x0 ../Cruise_Control_bsp//libucosii_bsp.a(alt_do_dtors.o)
 .data          0x0101b678        0x0 ../Cruise_Control_bsp//libucosii_bsp.a(alt_icache_flush_all.o)
 .data          0x0101b678        0x0 ../Cruise_Control_bsp//libucosii_bsp.a(alt_iic.o)
 .data          0x0101b678        0x0 ../Cruise_Control_bsp//libucosii_bsp.a(alt_iic_isr_register.o)
 .data          0x0101b678        0x0 ../Cruise_Control_bsp//libucosii_bsp.a(alt_io_redirect.o)
 .data          0x0101b678        0x0 ../Cruise_Control_bsp//libucosii_bsp.a(alt_irq_entry.o)
 .data          0x0101b678        0x0 ../Cruise_Control_bsp//libucosii_bsp.a(alt_irq_handler.o)
 .data          0x0101b678        0x0 ../Cruise_Control_bsp//libucosii_bsp.a(alt_irq_vars.o)
 .data          0x0101b678        0x0 ../Cruise_Control_bsp//libucosii_bsp.a(alt_open.o)
 .data          0x0101b678        0x0 ../Cruise_Control_bsp//libucosii_bsp.a(altera_nios2_qsys_irq.o)
 .data          0x0101b678        0x0 ../Cruise_Control_bsp//libucosii_bsp.a(os_cpu_a.o)
 .data          0x0101b678        0x0 ../Cruise_Control_bsp//libucosii_bsp.a(os_cpu_c.o)
 .data          0x0101b678        0x0 ../Cruise_Control_bsp//libucosii_bsp.a(alt_exception_entry.o)
 .data          0x0101b678        0x0 ../Cruise_Control_bsp//libucosii_bsp.a(alt_find_dev.o)
 .data          0x0101b678        0x0 ../Cruise_Control_bsp//libucosii_bsp.a(alt_find_file.o)
 .data          0x0101b678        0x0 ../Cruise_Control_bsp//libucosii_bsp.a(alt_get_fd.o)
 .data          0x0101b678        0x0 /opt/altera/13.0sp1/nios2eds/bin/gnu/H-i686-pc-linux-gnu/bin/../lib/gcc/nios2-elf/4.1.2/../../../../nios2-elf/lib/mno-hw-mul/libc.a(lib_a-atexit.o)
 .data          0x0101b678        0x0 /opt/altera/13.0sp1/nios2eds/bin/gnu/H-i686-pc-linux-gnu/bin/../lib/gcc/nios2-elf/4.1.2/../../../../nios2-elf/lib/mno-hw-mul/libc.a(lib_a-exit.o)
 .data          0x0101b678        0x0 /opt/altera/13.0sp1/nios2eds/bin/gnu/H-i686-pc-linux-gnu/bin/../lib/gcc/nios2-elf/4.1.2/../../../../nios2-elf/lib/mno-hw-mul/libc.a(lib_a-memcmp.o)
 .data          0x0101b678        0x0 /opt/altera/13.0sp1/nios2eds/bin/gnu/H-i686-pc-linux-gnu/bin/../lib/gcc/nios2-elf/4.1.2/../../../../nios2-elf/lib/mno-hw-mul/libc.a(lib_a-__atexit.o)
 .data          0x0101b678        0x0 /opt/altera/13.0sp1/nios2eds/bin/gnu/H-i686-pc-linux-gnu/bin/../lib/gcc/nios2-elf/4.1.2/../../../../nios2-elf/lib/mno-hw-mul/libc.a(lib_a-__call_atexit.o)
 .data          0x0101b678        0x0 /opt/altera/13.0sp1/nios2eds/bin/gnu/H-i686-pc-linux-gnu/bin/../lib/gcc/nios2-elf/4.1.2/mno-hw-mul/libgcc.a(_fixunsdfsi.o)
 .data          0x0101b678        0x0 ../Cruise_Control_bsp//libucosii_bsp.a(alt_exit.o)
                0x01023678                _gp = ABSOLUTE ((. + 0x8000))
                0x01023678                PROVIDE (gp, _gp)
 *(.rwdata .rwdata.*)
 *(.sdata .sdata.* .gnu.linkonce.s.*)
 .sdata         0x0101b678       0x1c obj/default/main.o
                0x0101b678                gas_pedal
                0x0101b67c                brake_pedal
                0x0101b680                top_gear
                0x0101b684                engine
                0x0101b688                cruise_control
                0x0101b68c                cruising
                0x0101b690                extra_load
 .sdata         0x0101b694        0x8 /opt/altera/13.0sp1/nios2eds/bin/gnu/H-i686-pc-linux-gnu/bin/../lib/gcc/nios2-elf/4.1.2/../../../../nios2-elf/lib/mno-hw-mul/libc.a(lib_a-impure.o)
                0x0101b694                _impure_ptr
                0x0101b698                _global_impure_ptr
 .sdata         0x0101b69c        0x8 /opt/altera/13.0sp1/nios2eds/bin/gnu/H-i686-pc-linux-gnu/bin/../lib/gcc/nios2-elf/4.1.2/../../../../nios2-elf/lib/mno-hw-mul/libc.a(lib_a-locale.o)
                0x0101b69c                __mb_cur_max
 .sdata         0x0101b6a4        0x8 /opt/altera/13.0sp1/nios2eds/bin/gnu/H-i686-pc-linux-gnu/bin/../lib/gcc/nios2-elf/4.1.2/../../../../nios2-elf/lib/mno-hw-mul/libc.a(lib_a-mallocr.o)
                0x0101b6a4                __malloc_trim_threshold
                0x0101b6a8                __malloc_sbrk_base
 .sdata         0x0101b6ac       0x14 ../Cruise_Control_bsp//libucosii_bsp.a(alt_dev.o)
                0x0101b6ac                alt_fs_list
                0x0101b6b4                alt_dev_list
                0x0101b6bc                alt_max_fd
 .sdata         0x0101b6c0        0x4 ../Cruise_Control_bsp//libucosii_bsp.a(alt_errno.o)
                0x0101b6c0                alt_errno
 .sdata         0x0101b6c4        0x4 ../Cruise_Control_bsp//libucosii_bsp.a(alt_sbrk.o)
 .sdata         0x0101b6c8        0x8 ../Cruise_Control_bsp//libucosii_bsp.a(alt_tick.o)
                0x0101b6c8                alt_alarm_list
 .sdata         0x0101b6d0        0x4 ../Cruise_Control_bsp//libucosii_bsp.a(alt_env_lock.o)
 .sdata         0x0101b6d4        0x4 ../Cruise_Control_bsp//libucosii_bsp.a(alt_malloc_lock.o)
 .sdata         0x0101b6d8       0x74 ../Cruise_Control_bsp//libucosii_bsp.a(os_dbg.o)
                0x0101b6d8                OSDebugEn
                0x0101b6dc                OSEndiannessTest
                0x0101b6e0                OSEventEn
                0x0101b6e2                OSEventMax
                0x0101b6e4                OSEventNameSize
                0x0101b6e6                OSEventSize
                0x0101b6e8                OSEventTblSize
                0x0101b6ea                OSEventMultiEn
                0x0101b6ec                OSFlagEn
                0x0101b6ee                OSFlagGrpSize
                0x0101b6f0                OSFlagNodeSize
                0x0101b6f2                OSFlagWidth
                0x0101b6f4                OSFlagMax
                0x0101b6f6                OSFlagNameSize
                0x0101b6f8                OSLowestPrio
                0x0101b6fa                OSMboxEn
                0x0101b6fc                OSMemEn
                0x0101b6fe                OSMemMax
                0x0101b700                OSMemNameSize
                0x0101b702                OSMemSize
                0x0101b704                OSMemTblSize
                0x0101b706                OSMutexEn
                0x0101b708                OSPtrSize
                0x0101b70a                OSQEn
                0x0101b70c                OSQMax
                0x0101b70e                OSQSize
                0x0101b710                OSRdyTblSize
                0x0101b712                OSSemEn
                0x0101b714                OSStkWidth
                0x0101b716                OSTaskCreateEn
                0x0101b718                OSTaskCreateExtEn
                0x0101b71a                OSTaskDelEn
                0x0101b71c                OSTaskIdleStkSize
                0x0101b71e                OSTaskProfileEn
                0x0101b720                OSTaskMax
                0x0101b722                OSTaskNameSize
                0x0101b724                OSTaskStatEn
                0x0101b726                OSTaskStatStkSize
                0x0101b728                OSTaskStatStkChkEn
                0x0101b72a                OSTaskSwHookEn
                0x0101b72c                OSTCBPrioTblMax
                0x0101b72e                OSTCBSize
                0x0101b730                OSTicksPerSec
                0x0101b732                OSTimeTickHookEn
                0x0101b734                OSVersionNbr
                0x0101b736                OSTmrEn
                0x0101b738                OSTmrCfgMax
                0x0101b73a                OSTmrCfgNameSize
                0x0101b73c                OSTmrCfgWheelSize
                0x0101b73e                OSTmrCfgTicksPerSec
                0x0101b740                OSTmrSize
                0x0101b742                OSTmrTblSize
                0x0101b744                OSTmrWheelSize
                0x0101b746                OSTmrWheelTblSize
                0x0101b748                OSDataSize
 .sdata         0x0101b74c        0x4 ../Cruise_Control_bsp//libucosii_bsp.a(alt_irq_vars.o)
                0x0101b74c                alt_priority_mask
 *(.sdata2 .sdata2.* .gnu.linkonce.s2.*)
                0x0101b750                . = ALIGN (0x4)
                0x0101b750                _edata = ABSOLUTE (.)
                0x0101b750                PROVIDE (edata, ABSOLUTE (.))
                0x0101b750                PROVIDE (__ram_rwdata_end, ABSOLUTE (.))
                0x0101b750                PROVIDE (__flash_rwdata_start, LOADADDR (.rwdata))

.bss            0x0101d27c    0x14164
                0x0101d27c                __bss_start = ABSOLUTE (.)
                0x0101d27c                PROVIDE (__sbss_start, ABSOLUTE (.))
                0x0101d27c                PROVIDE (___sbss_start, ABSOLUTE (.))
 *(.dynsbss)
 *(.sbss .sbss.* .gnu.linkonce.sb.*)
 .sbss          0x0101d27c       0x10 obj/default/main.o
                0x0101d27c                ExtraLoad_Percentage
                0x0101d280                led_green
                0x0101d284                led_red
                0x0101d288                led_extraload
 .sbss          0x0101d28c       0x5c obj/default/main.o
                0x0101d28c                Mbox_Throttle
                0x0101d290                Mbox_Cruise_Control
                0x0101d294                Vehicle_Tmr
                0x0101d298                Mbox_Velocity
                0x0101d29c                Control_Tmr
                0x0101d2a0                Control_Sem
                0x0101d2a4                ExtraLoad_Sem
                0x0101d2a8                Detection_Tmr
                0x0101d2ac                buttonTmr
                0x0101d2b0                Mbox_Brake_Pedal
                0x0101d2b4                WatchDog_Sem
                0x0101d2b8                Detection_Sem
                0x0101d2bc                ExtraLoad_Tmr
                0x0101d2c0                Mbox_Gas_Pedal
                0x0101d2c4                Mbox_Engine
                0x0101d2c8                switchSem
                0x0101d2cc                switchTmr
                0x0101d2d0                Mbox_Gear
                0x0101d2d4                Vehicle_Sem
                0x0101d2d8                delay
                0x0101d2dc                WatchDog_Tmr
                0x0101d2e0                buttonSem
                0x0101d2e4                Mbox_Detection
 .sbss          0x0101d2e8        0xc /opt/altera/13.0sp1/nios2eds/bin/gnu/H-i686-pc-linux-gnu/bin/../lib/gcc/nios2-elf/4.1.2/../../../../nios2-elf/lib/mno-hw-mul/libc.a(lib_a-locale.o)
                0x0101d2e8                __nlocale_changed
                0x0101d2ec                __mlocale_changed
                0x0101d2f0                _PathLocale
 .sbss          0x0101d2f4        0xc /opt/altera/13.0sp1/nios2eds/bin/gnu/H-i686-pc-linux-gnu/bin/../lib/gcc/nios2-elf/4.1.2/../../../../nios2-elf/lib/mno-hw-mul/libc.a(lib_a-mallocr.o)
                0x0101d2f4                __malloc_top_pad
                0x0101d2f8                __malloc_max_sbrked_mem
                0x0101d2fc                __malloc_max_total_mem
 .sbss          0x0101d300        0x4 /opt/altera/13.0sp1/nios2eds/bin/gnu/H-i686-pc-linux-gnu/bin/../lib/gcc/nios2-elf/4.1.2/../../../../nios2-elf/lib/mno-hw-mul/libc.a(lib_a-int_errno.o)
                0x0101d300                errno
 .sbss          0x0101d304        0x4 ../Cruise_Control_bsp//libucosii_bsp.a(alt_dev.o)
                0x0101d304                alt_fd_list_lock
 .sbss          0x0101d308        0xc ../Cruise_Control_bsp//libucosii_bsp.a(alt_main.o)
                0x0101d308                alt_argc
                0x0101d30c                alt_argv
                0x0101d310                alt_envp
 .sbss          0x0101d314        0x8 ../Cruise_Control_bsp//libucosii_bsp.a(alt_tick.o)
                0x0101d314                _alt_tick_rate
                0x0101d318                _alt_nticks
 .sbss          0x0101d31c        0x8 ../Cruise_Control_bsp//libucosii_bsp.a(alt_env_lock.o)
                0x0101d320                alt_envsem
 .sbss          0x0101d324        0x8 ../Cruise_Control_bsp//libucosii_bsp.a(alt_malloc_lock.o)
                0x0101d328                alt_heapsem
 .sbss          0x0101d32c       0x68 ../Cruise_Control_bsp//libucosii_bsp.a(os_core.o)
                0x0101d32c                OSTmrFreeList
                0x0101d330                OSLockNesting
                0x0101d334                OSTmrSemSignal
                0x0101d338                OSRunning
                0x0101d33c                OSIdleCtr
                0x0101d340                OSTmrUsed
                0x0101d342                OSPrioHighRdy
                0x0101d343                OSPrioCur
                0x0101d344                OSTCBList
                0x0101d348                OSTickStepState
                0x0101d34c                OSCtxSwCtr
                0x0101d350                OSTmrFree
                0x0101d354                OSIdleCtrMax
                0x0101d358                OSTCBFreeList
                0x0101d35c                OSCPUUsage
                0x0101d35d                OSTaskCtr
                0x0101d360                OSMemFreeList
                0x0101d364                OSTCBHighRdy
                0x0101d368                OSQFreeList
                0x0101d36c                OSRdyGrp
                0x0101d36d                OSRdyTbl
                0x0101d370                OSEventFreeList
                0x0101d374                OSIntNesting
                0x0101d378                OSTCBCur
                0x0101d37c                OSTmrTime
                0x0101d380                OSTime
                0x0101d384                OSTmrSem
                0x0101d388                OSFlagFreeList
                0x0101d38c                OSStatRdy
                0x0101d390                OSIdleCtrRun
 .sbss          0x0101d394        0x4 ../Cruise_Control_bsp//libucosii_bsp.a(alt_irq_vars.o)
                0x0101d394                alt_irq_active
 .sbss          0x0101d398        0x2 ../Cruise_Control_bsp//libucosii_bsp.a(os_cpu_c.o)
 *(.sbss2 .sbss2.* .gnu.linkonce.sb2.*)
 *(.scommon)
                0x0101d39a                PROVIDE (__sbss_end, ABSOLUTE (.))
                0x0101d39a                PROVIDE (___sbss_end, ABSOLUTE (.))
 *(.dynbss)
 *(.bss .bss.* .gnu.linkonce.b.*)
 .bss           0x0101d39a        0x0 ../Cruise_Control_bsp//obj/HAL/src/crt0.o
 *fill*         0x0101d39a        0x2 00
 .bss           0x0101d39c       0x18 obj/default/main.o
 .bss           0x0101d3b4        0x0 /opt/altera/13.0sp1/nios2eds/bin/gnu/H-i686-pc-linux-gnu/bin/../lib/gcc/nios2-elf/4.1.2/mno-hw-mul/libgcc.a(_si_to_sf.o)
 .bss           0x0101d3b4        0x0 /opt/altera/13.0sp1/nios2eds/bin/gnu/H-i686-pc-linux-gnu/bin/../lib/gcc/nios2-elf/4.1.2/mno-hw-mul/libgcc.a(_sf_to_df.o)
 .bss           0x0101d3b4        0x0 /opt/altera/13.0sp1/nios2eds/bin/gnu/H-i686-pc-linux-gnu/bin/../lib/gcc/nios2-elf/4.1.2/mno-hw-mul/libgcc.a(_addsub_df.o)
 .bss           0x0101d3b4        0x0 /opt/altera/13.0sp1/nios2eds/bin/gnu/H-i686-pc-linux-gnu/bin/../lib/gcc/nios2-elf/4.1.2/mno-hw-mul/libgcc.a(_div_df.o)
 .bss           0x0101d3b4        0x0 /opt/altera/13.0sp1/nios2eds/bin/gnu/H-i686-pc-linux-gnu/bin/../lib/gcc/nios2-elf/4.1.2/mno-hw-mul/libgcc.a(_si_to_df.o)
 .bss           0x0101d3b4        0x0 /opt/altera/13.0sp1/nios2eds/bin/gnu/H-i686-pc-linux-gnu/bin/../lib/gcc/nios2-elf/4.1.2/mno-hw-mul/libgcc.a(_df_to_si.o)
 .bss           0x0101d3b4        0x0 /opt/altera/13.0sp1/nios2eds/bin/gnu/H-i686-pc-linux-gnu/bin/../lib/gcc/nios2-elf/4.1.2/mno-hw-mul/libgcc.a(_make_df.o)
 .bss           0x0101d3b4        0x0 /opt/altera/13.0sp1/nios2eds/bin/gnu/H-i686-pc-linux-gnu/bin/../lib/gcc/nios2-elf/4.1.2/mno-hw-mul/libgcc.a(_thenan_df.o)
 .bss           0x0101d3b4        0x0 /opt/altera/13.0sp1/nios2eds/bin/gnu/H-i686-pc-linux-gnu/bin/../lib/gcc/nios2-elf/4.1.2/mno-hw-mul/libgcc.a(lib2-divmod.o)
 .bss           0x0101d3b4        0x0 /opt/altera/13.0sp1/nios2eds/bin/gnu/H-i686-pc-linux-gnu/bin/../lib/gcc/nios2-elf/4.1.2/mno-hw-mul/libgcc.a(lib2-mul.o)
 .bss           0x0101d3b4        0x0 /opt/altera/13.0sp1/nios2eds/bin/gnu/H-i686-pc-linux-gnu/bin/../lib/gcc/nios2-elf/4.1.2/mno-hw-mul/libgcc.a(_clzsi2.o)
 .bss           0x0101d3b4        0x0 /opt/altera/13.0sp1/nios2eds/bin/gnu/H-i686-pc-linux-gnu/bin/../lib/gcc/nios2-elf/4.1.2/mno-hw-mul/libgcc.a(_pack_sf.o)
 .bss           0x0101d3b4        0x0 /opt/altera/13.0sp1/nios2eds/bin/gnu/H-i686-pc-linux-gnu/bin/../lib/gcc/nios2-elf/4.1.2/mno-hw-mul/libgcc.a(_unpack_sf.o)
 .bss           0x0101d3b4        0x0 /opt/altera/13.0sp1/nios2eds/bin/gnu/H-i686-pc-linux-gnu/bin/../lib/gcc/nios2-elf/4.1.2/mno-hw-mul/libgcc.a(_pack_df.o)
 .bss           0x0101d3b4        0x0 /opt/altera/13.0sp1/nios2eds/bin/gnu/H-i686-pc-linux-gnu/bin/../lib/gcc/nios2-elf/4.1.2/mno-hw-mul/libgcc.a(_unpack_df.o)
 .bss           0x0101d3b4        0x0 /opt/altera/13.0sp1/nios2eds/bin/gnu/H-i686-pc-linux-gnu/bin/../lib/gcc/nios2-elf/4.1.2/mno-hw-mul/libgcc.a(_clz.o)
 .bss           0x0101d3b4        0x0 /opt/altera/13.0sp1/nios2eds/bin/gnu/H-i686-pc-linux-gnu/bin/../lib/gcc/nios2-elf/4.1.2/../../../../nios2-elf/lib/mno-hw-mul/libc.a(lib_a-printf.o)
 .bss           0x0101d3b4        0x0 /opt/altera/13.0sp1/nios2eds/bin/gnu/H-i686-pc-linux-gnu/bin/../lib/gcc/nios2-elf/4.1.2/../../../../nios2-elf/lib/mno-hw-mul/libc.a(lib_a-puts.o)
 .bss           0x0101d3b4        0x0 /opt/altera/13.0sp1/nios2eds/bin/gnu/H-i686-pc-linux-gnu/bin/../lib/gcc/nios2-elf/4.1.2/../../../../nios2-elf/lib/mno-hw-mul/libc.a(lib_a-strlen.o)
 .bss           0x0101d3b4        0x0 /opt/altera/13.0sp1/nios2eds/bin/gnu/H-i686-pc-linux-gnu/bin/../lib/gcc/nios2-elf/4.1.2/../../../../nios2-elf/lib/mno-hw-mul/libc.a(lib_a-vfprintf.o)
 .bss           0x0101d3b4        0x0 /opt/altera/13.0sp1/nios2eds/bin/gnu/H-i686-pc-linux-gnu/bin/../lib/gcc/nios2-elf/4.1.2/../../../../nios2-elf/lib/mno-hw-mul/libc.a(lib_a-wsetup.o)
 .bss           0x0101d3b4        0x0 /opt/altera/13.0sp1/nios2eds/bin/gnu/H-i686-pc-linux-gnu/bin/../lib/gcc/nios2-elf/4.1.2/../../../../nios2-elf/lib/mno-hw-mul/libc.a(lib_a-dtoa.o)
 .bss           0x0101d3b4        0x0 /opt/altera/13.0sp1/nios2eds/bin/gnu/H-i686-pc-linux-gnu/bin/../lib/gcc/nios2-elf/4.1.2/../../../../nios2-elf/lib/mno-hw-mul/libc.a(lib_a-fflush.o)
 .bss           0x0101d3b4        0x0 /opt/altera/13.0sp1/nios2eds/bin/gnu/H-i686-pc-linux-gnu/bin/../lib/gcc/nios2-elf/4.1.2/../../../../nios2-elf/lib/mno-hw-mul/libc.a(lib_a-findfp.o)
 .bss           0x0101d3b4        0x0 /opt/altera/13.0sp1/nios2eds/bin/gnu/H-i686-pc-linux-gnu/bin/../lib/gcc/nios2-elf/4.1.2/../../../../nios2-elf/lib/mno-hw-mul/libc.a(lib_a-freer.o)
 .bss           0x0101d3b4        0x0 /opt/altera/13.0sp1/nios2eds/bin/gnu/H-i686-pc-linux-gnu/bin/../lib/gcc/nios2-elf/4.1.2/../../../../nios2-elf/lib/mno-hw-mul/libc.a(lib_a-fvwrite.o)
 .bss           0x0101d3b4        0x0 /opt/altera/13.0sp1/nios2eds/bin/gnu/H-i686-pc-linux-gnu/bin/../lib/gcc/nios2-elf/4.1.2/../../../../nios2-elf/lib/mno-hw-mul/libc.a(lib_a-fwalk.o)
 .bss           0x0101d3b4        0x0 /opt/altera/13.0sp1/nios2eds/bin/gnu/H-i686-pc-linux-gnu/bin/../lib/gcc/nios2-elf/4.1.2/../../../../nios2-elf/lib/mno-hw-mul/libc.a(lib_a-impure.o)
 .bss           0x0101d3b4        0x0 /opt/altera/13.0sp1/nios2eds/bin/gnu/H-i686-pc-linux-gnu/bin/../lib/gcc/nios2-elf/4.1.2/../../../../nios2-elf/lib/mno-hw-mul/libc.a(lib_a-locale.o)
 .bss           0x0101d3b4        0x0 /opt/altera/13.0sp1/nios2eds/bin/gnu/H-i686-pc-linux-gnu/bin/../lib/gcc/nios2-elf/4.1.2/../../../../nios2-elf/lib/mno-hw-mul/libc.a(lib_a-makebuf.o)
 .bss           0x0101d3b4       0x28 /opt/altera/13.0sp1/nios2eds/bin/gnu/H-i686-pc-linux-gnu/bin/../lib/gcc/nios2-elf/4.1.2/../../../../nios2-elf/lib/mno-hw-mul/libc.a(lib_a-mallocr.o)
                0x0101d3b4                __malloc_current_mallinfo
 .bss           0x0101d3dc        0x0 /opt/altera/13.0sp1/nios2eds/bin/gnu/H-i686-pc-linux-gnu/bin/../lib/gcc/nios2-elf/4.1.2/../../../../nios2-elf/lib/mno-hw-mul/libc.a(lib_a-memchr.o)
 .bss           0x0101d3dc        0x0 /opt/altera/13.0sp1/nios2eds/bin/gnu/H-i686-pc-linux-gnu/bin/../lib/gcc/nios2-elf/4.1.2/../../../../nios2-elf/lib/mno-hw-mul/libc.a(lib_a-memcpy.o)
 .bss           0x0101d3dc        0x0 /opt/altera/13.0sp1/nios2eds/bin/gnu/H-i686-pc-linux-gnu/bin/../lib/gcc/nios2-elf/4.1.2/../../../../nios2-elf/lib/mno-hw-mul/libc.a(lib_a-memmove.o)
 .bss           0x0101d3dc        0x0 /opt/altera/13.0sp1/nios2eds/bin/gnu/H-i686-pc-linux-gnu/bin/../lib/gcc/nios2-elf/4.1.2/../../../../nios2-elf/lib/mno-hw-mul/libc.a(lib_a-memset.o)
 .bss           0x0101d3dc        0x0 /opt/altera/13.0sp1/nios2eds/bin/gnu/H-i686-pc-linux-gnu/bin/../lib/gcc/nios2-elf/4.1.2/../../../../nios2-elf/lib/mno-hw-mul/libc.a(lib_a-mprec.o)
 .bss           0x0101d3dc        0x0 /opt/altera/13.0sp1/nios2eds/bin/gnu/H-i686-pc-linux-gnu/bin/../lib/gcc/nios2-elf/4.1.2/../../../../nios2-elf/lib/mno-hw-mul/libc.a(lib_a-reallocr.o)
 .bss           0x0101d3dc        0x0 /opt/altera/13.0sp1/nios2eds/bin/gnu/H-i686-pc-linux-gnu/bin/../lib/gcc/nios2-elf/4.1.2/../../../../nios2-elf/lib/mno-hw-mul/libc.a(lib_a-s_isinfd.o)
 .bss           0x0101d3dc        0x0 /opt/altera/13.0sp1/nios2eds/bin/gnu/H-i686-pc-linux-gnu/bin/../lib/gcc/nios2-elf/4.1.2/../../../../nios2-elf/lib/mno-hw-mul/libc.a(lib_a-s_isnand.o)
 .bss           0x0101d3dc        0x0 /opt/altera/13.0sp1/nios2eds/bin/gnu/H-i686-pc-linux-gnu/bin/../lib/gcc/nios2-elf/4.1.2/../../../../nios2-elf/lib/mno-hw-mul/libc.a(lib_a-sbrkr.o)
 .bss           0x0101d3dc        0x0 /opt/altera/13.0sp1/nios2eds/bin/gnu/H-i686-pc-linux-gnu/bin/../lib/gcc/nios2-elf/4.1.2/../../../../nios2-elf/lib/mno-hw-mul/libc.a(lib_a-stdio.o)
 .bss           0x0101d3dc        0x0 /opt/altera/13.0sp1/nios2eds/bin/gnu/H-i686-pc-linux-gnu/bin/../lib/gcc/nios2-elf/4.1.2/../../../../nios2-elf/lib/mno-hw-mul/libc.a(lib_a-strcmp.o)
 .bss           0x0101d3dc        0x0 /opt/altera/13.0sp1/nios2eds/bin/gnu/H-i686-pc-linux-gnu/bin/../lib/gcc/nios2-elf/4.1.2/../../../../nios2-elf/lib/mno-hw-mul/libc.a(lib_a-writer.o)
 .bss           0x0101d3dc        0x0 /opt/altera/13.0sp1/nios2eds/bin/gnu/H-i686-pc-linux-gnu/bin/../lib/gcc/nios2-elf/4.1.2/../../../../nios2-elf/lib/mno-hw-mul/libc.a(lib_a-callocr.o)
 .bss           0x0101d3dc        0x0 /opt/altera/13.0sp1/nios2eds/bin/gnu/H-i686-pc-linux-gnu/bin/../lib/gcc/nios2-elf/4.1.2/../../../../nios2-elf/lib/mno-hw-mul/libc.a(lib_a-closer.o)
 .bss           0x0101d3dc        0x0 /opt/altera/13.0sp1/nios2eds/bin/gnu/H-i686-pc-linux-gnu/bin/../lib/gcc/nios2-elf/4.1.2/../../../../nios2-elf/lib/mno-hw-mul/libc.a(lib_a-fclose.o)
 .bss           0x0101d3dc        0x0 /opt/altera/13.0sp1/nios2eds/bin/gnu/H-i686-pc-linux-gnu/bin/../lib/gcc/nios2-elf/4.1.2/../../../../nios2-elf/lib/mno-hw-mul/libc.a(lib_a-fstatr.o)
 .bss           0x0101d3dc        0x0 /opt/altera/13.0sp1/nios2eds/bin/gnu/H-i686-pc-linux-gnu/bin/../lib/gcc/nios2-elf/4.1.2/../../../../nios2-elf/lib/mno-hw-mul/libc.a(lib_a-int_errno.o)
 .bss           0x0101d3dc        0x0 /opt/altera/13.0sp1/nios2eds/bin/gnu/H-i686-pc-linux-gnu/bin/../lib/gcc/nios2-elf/4.1.2/../../../../nios2-elf/lib/mno-hw-mul/libc.a(lib_a-isattyr.o)
 .bss           0x0101d3dc        0x0 /opt/altera/13.0sp1/nios2eds/bin/gnu/H-i686-pc-linux-gnu/bin/../lib/gcc/nios2-elf/4.1.2/../../../../nios2-elf/lib/mno-hw-mul/libc.a(lib_a-lseekr.o)
 .bss           0x0101d3dc        0x0 /opt/altera/13.0sp1/nios2eds/bin/gnu/H-i686-pc-linux-gnu/bin/../lib/gcc/nios2-elf/4.1.2/../../../../nios2-elf/lib/mno-hw-mul/libc.a(lib_a-readr.o)
 .bss           0x0101d3dc        0x0 /opt/altera/13.0sp1/nios2eds/bin/gnu/H-i686-pc-linux-gnu/bin/../lib/gcc/nios2-elf/4.1.2/mno-hw-mul/libgcc.a(_udivdi3.o)
 .bss           0x0101d3dc        0x0 /opt/altera/13.0sp1/nios2eds/bin/gnu/H-i686-pc-linux-gnu/bin/../lib/gcc/nios2-elf/4.1.2/mno-hw-mul/libgcc.a(_umoddi3.o)
 .bss           0x0101d3dc        0x0 /opt/altera/13.0sp1/nios2eds/bin/gnu/H-i686-pc-linux-gnu/bin/../lib/gcc/nios2-elf/4.1.2/mno-hw-mul/libgcc.a(_mul_df.o)
 .bss           0x0101d3dc        0x0 /opt/altera/13.0sp1/nios2eds/bin/gnu/H-i686-pc-linux-gnu/bin/../lib/gcc/nios2-elf/4.1.2/mno-hw-mul/libgcc.a(_eq_df.o)
 .bss           0x0101d3dc        0x0 /opt/altera/13.0sp1/nios2eds/bin/gnu/H-i686-pc-linux-gnu/bin/../lib/gcc/nios2-elf/4.1.2/mno-hw-mul/libgcc.a(_ne_df.o)
 .bss           0x0101d3dc        0x0 /opt/altera/13.0sp1/nios2eds/bin/gnu/H-i686-pc-linux-gnu/bin/../lib/gcc/nios2-elf/4.1.2/mno-hw-mul/libgcc.a(_gt_df.o)
 .bss           0x0101d3dc        0x0 /opt/altera/13.0sp1/nios2eds/bin/gnu/H-i686-pc-linux-gnu/bin/../lib/gcc/nios2-elf/4.1.2/mno-hw-mul/libgcc.a(_ge_df.o)
 .bss           0x0101d3dc        0x0 /opt/altera/13.0sp1/nios2eds/bin/gnu/H-i686-pc-linux-gnu/bin/../lib/gcc/nios2-elf/4.1.2/mno-hw-mul/libgcc.a(_lt_df.o)
 .bss           0x0101d3dc        0x0 /opt/altera/13.0sp1/nios2eds/bin/gnu/H-i686-pc-linux-gnu/bin/../lib/gcc/nios2-elf/4.1.2/mno-hw-mul/libgcc.a(_usi_to_df.o)
 .bss           0x0101d3dc        0x0 /opt/altera/13.0sp1/nios2eds/bin/gnu/H-i686-pc-linux-gnu/bin/../lib/gcc/nios2-elf/4.1.2/mno-hw-mul/libgcc.a(_muldi3.o)
 .bss           0x0101d3dc        0x0 /opt/altera/13.0sp1/nios2eds/bin/gnu/H-i686-pc-linux-gnu/bin/../lib/gcc/nios2-elf/4.1.2/mno-hw-mul/libgcc.a(_fpcmp_parts_df.o)
 .bss           0x0101d3dc        0x0 ../Cruise_Control_bsp//libucosii_bsp.a(alt_alarm_start.o)
 .bss           0x0101d3dc        0x0 ../Cruise_Control_bsp//libucosii_bsp.a(alt_close.o)
 .bss           0x0101d3dc        0x0 ../Cruise_Control_bsp//libucosii_bsp.a(alt_dev.o)
 .bss           0x0101d3dc        0x0 ../Cruise_Control_bsp//libucosii_bsp.a(alt_errno.o)
 .bss           0x0101d3dc        0x0 ../Cruise_Control_bsp//libucosii_bsp.a(alt_fstat.o)
 .bss           0x0101d3dc        0x0 ../Cruise_Control_bsp//libucosii_bsp.a(alt_isatty.o)
 .bss           0x0101d3dc        0x0 ../Cruise_Control_bsp//libucosii_bsp.a(alt_load.o)
 .bss           0x0101d3dc        0x0 ../Cruise_Control_bsp//libucosii_bsp.a(alt_lseek.o)
 .bss           0x0101d3dc        0x0 ../Cruise_Control_bsp//libucosii_bsp.a(alt_main.o)
 .bss           0x0101d3dc        0x0 ../Cruise_Control_bsp//libucosii_bsp.a(alt_read.o)
 .bss           0x0101d3dc        0x0 ../Cruise_Control_bsp//libucosii_bsp.a(alt_release_fd.o)
 .bss           0x0101d3dc        0x0 ../Cruise_Control_bsp//libucosii_bsp.a(alt_sbrk.o)
 .bss           0x0101d3dc        0x0 ../Cruise_Control_bsp//libucosii_bsp.a(alt_tick.o)
 .bss           0x0101d3dc        0x0 ../Cruise_Control_bsp//libucosii_bsp.a(alt_write.o)
 .bss           0x0101d3dc        0x0 ../Cruise_Control_bsp//libucosii_bsp.a(alt_env_lock.o)
 .bss           0x0101d3dc        0x0 ../Cruise_Control_bsp//libucosii_bsp.a(alt_malloc_lock.o)
 .bss           0x0101d3dc        0x0 ../Cruise_Control_bsp//libucosii_bsp.a(os_core.o)
 .bss           0x0101d3dc        0x0 ../Cruise_Control_bsp//libucosii_bsp.a(os_dbg.o)
 .bss           0x0101d3dc        0x0 ../Cruise_Control_bsp//libucosii_bsp.a(os_flag.o)
 .bss           0x0101d3dc        0x0 ../Cruise_Control_bsp//libucosii_bsp.a(os_mbox.o)
 .bss           0x0101d3dc        0x0 ../Cruise_Control_bsp//libucosii_bsp.a(os_mem.o)
 .bss           0x0101d3dc        0x0 ../Cruise_Control_bsp//libucosii_bsp.a(os_q.o)
 .bss           0x0101d3dc        0x0 ../Cruise_Control_bsp//libucosii_bsp.a(os_sem.o)
 .bss           0x0101d3dc        0x0 ../Cruise_Control_bsp//libucosii_bsp.a(os_task.o)
 .bss           0x0101d3dc        0x0 ../Cruise_Control_bsp//libucosii_bsp.a(os_time.o)
 .bss           0x0101d3dc        0x0 ../Cruise_Control_bsp//libucosii_bsp.a(os_tmr.o)
 .bss           0x0101d3dc        0x0 ../Cruise_Control_bsp//libucosii_bsp.a(alt_sys_init.o)
 .bss           0x0101d3dc        0x0 ../Cruise_Control_bsp//libucosii_bsp.a(altera_avalon_jtag_uart_fd.o)
 .bss           0x0101d3dc        0x0 ../Cruise_Control_bsp//libucosii_bsp.a(altera_avalon_jtag_uart_init.o)
 .bss           0x0101d3dc        0x0 ../Cruise_Control_bsp//libucosii_bsp.a(altera_avalon_jtag_uart_ioctl.o)
 .bss           0x0101d3dc        0x0 ../Cruise_Control_bsp//libucosii_bsp.a(altera_avalon_jtag_uart_read.o)
 .bss           0x0101d3dc        0x0 ../Cruise_Control_bsp//libucosii_bsp.a(altera_avalon_jtag_uart_write.o)
 .bss           0x0101d3dc        0x0 ../Cruise_Control_bsp//libucosii_bsp.a(altera_avalon_timer_sc.o)
 .bss           0x0101d3dc        0x0 ../Cruise_Control_bsp//libucosii_bsp.a(alt_dcache_flush_all.o)
 .bss           0x0101d3dc        0x0 ../Cruise_Control_bsp//libucosii_bsp.a(alt_dev_llist_insert.o)
 .bss           0x0101d3dc        0x0 ../Cruise_Control_bsp//libucosii_bsp.a(alt_do_ctors.o)
 .bss           0x0101d3dc        0x0 ../Cruise_Control_bsp//libucosii_bsp.a(alt_do_dtors.o)
 .bss           0x0101d3dc        0x0 ../Cruise_Control_bsp//libucosii_bsp.a(alt_icache_flush_all.o)
 .bss           0x0101d3dc        0x0 ../Cruise_Control_bsp//libucosii_bsp.a(alt_iic.o)
 .bss           0x0101d3dc        0x0 ../Cruise_Control_bsp//libucosii_bsp.a(alt_iic_isr_register.o)
 .bss           0x0101d3dc        0x0 ../Cruise_Control_bsp//libucosii_bsp.a(alt_io_redirect.o)
 .bss           0x0101d3dc        0x0 ../Cruise_Control_bsp//libucosii_bsp.a(alt_irq_entry.o)
 .bss           0x0101d3dc        0x0 ../Cruise_Control_bsp//libucosii_bsp.a(alt_irq_handler.o)
 .bss           0x0101d3dc        0x0 ../Cruise_Control_bsp//libucosii_bsp.a(alt_irq_vars.o)
 .bss           0x0101d3dc        0x0 ../Cruise_Control_bsp//libucosii_bsp.a(alt_open.o)
 .bss           0x0101d3dc        0x0 ../Cruise_Control_bsp//libucosii_bsp.a(altera_nios2_qsys_irq.o)
 .bss           0x0101d3dc        0x0 ../Cruise_Control_bsp//libucosii_bsp.a(os_cpu_a.o)
 .bss           0x0101d3dc        0x0 ../Cruise_Control_bsp//libucosii_bsp.a(os_cpu_c.o)
 .bss           0x0101d3dc        0x0 ../Cruise_Control_bsp//libucosii_bsp.a(alt_exception_entry.o)
 .bss           0x0101d3dc        0x0 ../Cruise_Control_bsp//libucosii_bsp.a(alt_find_dev.o)
 .bss           0x0101d3dc        0x0 ../Cruise_Control_bsp//libucosii_bsp.a(alt_find_file.o)
 .bss           0x0101d3dc        0x0 ../Cruise_Control_bsp//libucosii_bsp.a(alt_get_fd.o)
 .bss           0x0101d3dc        0x0 /opt/altera/13.0sp1/nios2eds/bin/gnu/H-i686-pc-linux-gnu/bin/../lib/gcc/nios2-elf/4.1.2/../../../../nios2-elf/lib/mno-hw-mul/libc.a(lib_a-atexit.o)
 .bss           0x0101d3dc        0x0 /opt/altera/13.0sp1/nios2eds/bin/gnu/H-i686-pc-linux-gnu/bin/../lib/gcc/nios2-elf/4.1.2/../../../../nios2-elf/lib/mno-hw-mul/libc.a(lib_a-exit.o)
 .bss           0x0101d3dc        0x0 /opt/altera/13.0sp1/nios2eds/bin/gnu/H-i686-pc-linux-gnu/bin/../lib/gcc/nios2-elf/4.1.2/../../../../nios2-elf/lib/mno-hw-mul/libc.a(lib_a-memcmp.o)
 .bss           0x0101d3dc        0x0 /opt/altera/13.0sp1/nios2eds/bin/gnu/H-i686-pc-linux-gnu/bin/../lib/gcc/nios2-elf/4.1.2/../../../../nios2-elf/lib/mno-hw-mul/libc.a(lib_a-__atexit.o)
 .bss           0x0101d3dc        0x0 /opt/altera/13.0sp1/nios2eds/bin/gnu/H-i686-pc-linux-gnu/bin/../lib/gcc/nios2-elf/4.1.2/../../../../nios2-elf/lib/mno-hw-mul/libc.a(lib_a-__call_atexit.o)
 .bss           0x0101d3dc        0x0 /opt/altera/13.0sp1/nios2eds/bin/gnu/H-i686-pc-linux-gnu/bin/../lib/gcc/nios2-elf/4.1.2/mno-hw-mul/libgcc.a(_fixunsdfsi.o)
 .bss           0x0101d3dc        0x0 ../Cruise_Control_bsp//libucosii_bsp.a(alt_exit.o)
 *(COMMON)
 COMMON         0x0101d3dc    0x10000 obj/default/main.o
                0x0101d3dc                ControlTask_Stack
                0x0101f3dc                DetectionTask_Stack
                0x010213dc                WatchDogTask_Stack
                0x010233dc                VehicleTask_Stack
                0x010253dc                SwitchIOTask_Stack
                0x010273dc                ButtonIOTask_Stack
                0x010293dc                StartTask_Stack
                0x0102b3dc                ExtraLoadTask_Stack
 COMMON         0x0102d3dc     0x3d74 ../Cruise_Control_bsp//libucosii_bsp.a(os_core.o)
                0x0102d3dc                OSTmrWheelTbl
                0x0102d3ec                OSFlagTbl
                0x0102d75c                OSTmrTbl
                0x0102da9c                OSMemTbl
                0x0102e6cc                OSTaskStatStk
                0x0102eecc                OSQTbl
                0x0102f0ac                OSTmrTaskStk
                0x0102f8ac                OSTaskIdleStk
                0x010300ac                OSEventTbl
                0x01030bec                OSTCBTbl
                0x010310fc                OSTCBPrioTbl
 COMMON         0x01031150      0x100 ../Cruise_Control_bsp//libucosii_bsp.a(alt_irq_handler.o)
                0x01031150                alt_irq
 COMMON         0x01031250      0x190 /opt/altera/13.0sp1/nios2eds/bin/gnu/H-i686-pc-linux-gnu/bin/../lib/gcc/nios2-elf/4.1.2/../../../../nios2-elf/lib/mno-hw-mul/libc.a(lib_a-atexit.o)
                0x01031250                _atexit0
                0x010313e0                . = ALIGN (0x4)
                0x010313e0                __bss_end = ABSOLUTE (.)

.onchip_memory  0x000001bc        0x0 load address 0x010313e0
                0x000001bc                PROVIDE (_alt_partition_onchip_memory_start, ABSOLUTE (.))
 *(.onchip_memory. onchip_memory.*)
                0x000001bc                . = ALIGN (0x4)
                0x000001bc                PROVIDE (_alt_partition_onchip_memory_end, ABSOLUTE (.))
                0x010313e0                PROVIDE (_alt_partition_onchip_memory_load_addr, LOADADDR (.onchip_memory))

.sram           0x00100000        0x0 load address 0x010313e0
                0x00100000                PROVIDE (_alt_partition_sram_start, ABSOLUTE (.))
 *(.sram. sram.*)
                0x00100000                . = ALIGN (0x4)
                0x00100000                PROVIDE (_alt_partition_sram_end, ABSOLUTE (.))
                0x010313e0                PROVIDE (_alt_partition_sram_load_addr, LOADADDR (.sram))

.sdram          0x010313e0        0x0
                0x010313e0                PROVIDE (_alt_partition_sdram_start, ABSOLUTE (.))
 *(.sdram. sdram.*)
                0x010313e0                . = ALIGN (0x4)
                0x010313e0                PROVIDE (_alt_partition_sdram_end, ABSOLUTE (.))
                0x010313e0                _end = ABSOLUTE (.)
                0x010313e0                end = ABSOLUTE (.)
                0x010313e0                __alt_stack_base = ABSOLUTE (.)
                0x010313e0                PROVIDE (_alt_partition_sdram_load_addr, LOADADDR (.sdram))

.stab
 *(.stab)

.stabstr
 *(.stabstr)

.stab.excl
 *(.stab.excl)

.stab.exclstr
 *(.stab.exclstr)

.stab.index
 *(.stab.index)

.stab.indexstr
 *(.stab.indexstr)

.comment        0x00000000       0x26
 *(.comment)
 .comment       0x00000000       0x26 obj/default/main.o
                                 0x27 (size before relaxing)